Component: ARM Compiler 5.05 update 1 (build 106) Tool: armlink [4d0efa]

==============================================================================

Section Cross References

    main.o(i.back_line) refers to oled.o(i.OLED_ShowNum) for OLED_ShowNum
    main.o(i.back_line) refers to openmv.o(i.OpenMV_IO_Scan) for OpenMV_IO_Scan
    main.o(i.back_line) refers to driver.o(i.car_run) for car_run
    main.o(i.back_line) refers to delay.o(i.delay_ms) for delay_ms
    main.o(i.back_line) refers to usart.o(.data) for USART_RX_STA
    main.o(i.back_line) refers to main.o(.data) for yaw
    main.o(i.display_initial) refers to delay.o(i.delay_ms) for delay_ms
    main.o(i.display_initial) refers to oled.o(i.OLED_Init) for OLED_Init
    main.o(i.display_initial) refers to oled.o(i.OLED_Clear) for OLED_Clear
    main.o(i.display_initial) refers to oled.o(i.OLED_ShowString) for OLED_ShowString
    main.o(i.find_goal) refers to openmv.o(i.OpenMV_IO_Scan) for OpenMV_IO_Scan
    main.o(i.find_goal) refers to oled.o(i.OLED_ShowChar) for OLED_ShowChar
    main.o(i.find_goal) refers to main.o(.data) for aim
    main.o(i.find_shi) refers to openmv.o(i.OpenMV_IO_Scan) for OpenMV_IO_Scan
    main.o(i.find_shi) refers to oled.o(i.OLED_ShowChar) for OLED_ShowChar
    main.o(i.main) refers to main.o(i.system_initial) for system_initial
    main.o(i.main) refers to main.o(i.display_initial) for display_initial
    main.o(i.main) refers to delay.o(i.delay_ms) for delay_ms
    main.o(i.main) refers to main.o(i.run_line) for run_line
    main.o(i.main) refers to main.o(i.back_line) for back_line
    main.o(i.main) refers to main.o(i.mode_change) for mode_change
    main.o(i.main) refers to driver.o(i.driver_test) for driver_test
    main.o(i.main) refers to openmv.o(i.OpenMV_IO_Scan) for OpenMV_IO_Scan
    main.o(i.main) refers to oled.o(i.OLED_ShowChar) for OLED_ShowChar
    main.o(i.main) refers to usart.o(.data) for USART_RX_STA
    main.o(i.main) refers to main.o(.data) for work
    main.o(i.mode_change) refers to main.o(i.find_goal) for find_goal
    main.o(i.mode_change) refers to oled.o(i.OLED_ShowChar) for OLED_ShowChar
    main.o(i.mode_change) refers to main.o(i.find_shi) for find_shi
    main.o(i.mode_change) refers to driver.o(i.car_run) for car_run
    main.o(i.mode_change) refers to delay.o(i.delay_ms) for delay_ms
    main.o(i.mode_change) refers to main.o(i.turn_90) for turn_90
    main.o(i.mode_change) refers to main.o(i.turn_180) for turn_180
    main.o(i.mode_change) refers to main.o(.data) for mode
    main.o(i.run_line) refers to oled.o(i.OLED_ShowNum) for OLED_ShowNum
    main.o(i.run_line) refers to openmv.o(i.OpenMV_IO_Scan) for OpenMV_IO_Scan
    main.o(i.run_line) refers to oled.o(i.OLED_ShowChar) for OLED_ShowChar
    main.o(i.run_line) refers to driver.o(i.car_run) for car_run
    main.o(i.run_line) refers to delay.o(i.delay_ms) for delay_ms
    main.o(i.run_line) refers to main.o(.data) for yaw
    main.o(i.run_line) refers to usart.o(.data) for USART_RX_STA
    main.o(i.run_next_point) refers to driver.o(i.car_run) for car_run
    main.o(i.run_next_point) refers to delay.o(i.delay_ms) for delay_ms
    main.o(i.system_initial) refers to led.o(i.LED_Init) for LED_Init
    main.o(i.system_initial) refers to delay.o(i.delay_init) for delay_init
    main.o(i.system_initial) refers to myiic.o(i.IIC_Init) for IIC_Init
    main.o(i.system_initial) refers to usart.o(i.uart2_init) for uart2_init
    main.o(i.system_initial) refers to driver.o(i.driver_Init) for driver_Init
    main.o(i.system_initial) refers to pwm.o(i.pwm_init) for pwm_init
    main.o(i.system_initial) refers to openmv.o(i.OpenMV_IO_Init) for OpenMV_IO_Init
    main.o(i.system_initial) refers to stm32f10x_tim.o(i.TIM_SetCompare1) for TIM_SetCompare1
    main.o(i.system_initial) refers to stm32f10x_tim.o(i.TIM_SetCompare4) for TIM_SetCompare4
    main.o(i.turn_180) refers to oled.o(i.OLED_ShowNum) for OLED_ShowNum
    main.o(i.turn_180) refers to driver.o(i.car_run) for car_run
    main.o(i.turn_180) refers to delay.o(i.delay_ms) for delay_ms
    main.o(i.turn_180) refers to usart.o(.data) for USART_RX_STA
    main.o(i.turn_180) refers to main.o(.data) for yaw
    main.o(i.turn_90) refers to oled.o(i.OLED_ShowNum) for OLED_ShowNum
    main.o(i.turn_90) refers to driver.o(i.car_run) for car_run
    main.o(i.turn_90) refers to delay.o(i.delay_ms) for delay_ms
    main.o(i.turn_90) refers to main.o(.data) for yaw
    main.o(i.turn_90) refers to usart.o(.data) for USART_RX_STA
    stm32f10x_flash.o(i.FLASH_EnableWriteProtection) refers to stm32f10x_flash.o(i.FLASH_WaitForLastOperation) for FLASH_WaitForLastOperation
    stm32f10x_flash.o(i.FLASH_EraseAllBank1Pages) refers to stm32f10x_flash.o(i.FLASH_WaitForLastBank1Operation) for FLASH_WaitForLastBank1Operation
    stm32f10x_flash.o(i.FLASH_EraseAllPages) refers to stm32f10x_flash.o(i.FLASH_WaitForLastOperation) for FLASH_WaitForLastOperation
[...]
    Removing stm32f10x_adc.o(i.ADC_DiscModeCmd), (22 bytes).
    Removing stm32f10x_adc.o(i.ADC_ExternalTrigConvCmd), (22 bytes).
    Removing stm32f10x_adc.o(i.ADC_ExternalTrigInjectedConvCmd), (22 bytes).
    Removing stm32f10x_adc.o(i.ADC_ExternalTrigInjectedConvConfig), (16 bytes).
    Removing stm32f10x_adc.o(i.ADC_GetCalibrationStatus), (20 bytes).
    Removing stm32f10x_adc.o(i.ADC_GetConversionValue), (8 bytes).
    Removing stm32f10x_adc.o(i.ADC_GetDualModeConversionValue), (12 bytes).
    Removing stm32f10x_adc.o(i.ADC_GetFlagStatus), (18 bytes).
    Removing stm32f10x_adc.o(i.ADC_GetITStatus), (36 bytes).
    Removing stm32f10x_adc.o(i.ADC_GetInjectedConversionValue), (28 bytes).
    Removing stm32f10x_adc.o(i.ADC_GetResetCalibrationStatus), (20 bytes).
    Removing stm32f10x_adc.o(i.ADC_GetSoftwareStartConvStatus), (20 bytes).
    Removing stm32f10x_adc.o(i.ADC_GetSoftwareStartInjectedConvCmdStatus), (20 bytes).
    Removing stm32f10x_adc.o(i.ADC_ITConfig), (24 bytes).
    Removing stm32f10x_adc.o(i.ADC_Init), (80 bytes).
    Removing stm32f10x_adc.o(i.ADC_InjectedChannelConfig), (130 bytes).
    Removing stm32f10x_adc.o(i.ADC_InjectedDiscModeCmd), (22 bytes).
    Removing stm32f10x_adc.o(i.ADC_InjectedSequencerLengthConfig), (24 bytes).
    Removing stm32f10x_adc.o(i.ADC_RegularChannelConfig), (184 bytes).
    Removing stm32f10x_adc.o(i.ADC_ResetCalibration), (10 bytes).
    Removing stm32f10x_adc.o(i.ADC_SetInjectedOffset), (20 bytes).
    Removing stm32f10x_adc.o(i.ADC_SoftwareStartConvCmd), (22 bytes).
    Removing stm32f10x_adc.o(i.ADC_SoftwareStartInjectedConvCmd), (22 bytes).
    Removing stm32f10x_adc.o(i.ADC_StartCalibration), (10 bytes).
    Removing stm32f10x_adc.o(i.ADC_StructInit), (18 bytes).
    Removing stm32f10x_adc.o(i.ADC_TempSensorVrefintCmd), (36 bytes).
    Removing stm32f10x_bkp.o(i.BKP_ClearFlag), (20 bytes).
    Removing stm32f10x_bkp.o(i.BKP_ClearITPendingBit), (20 bytes).
    Removing stm32f10x_bkp.o(i.BKP_DeInit), (16 bytes).
    Removing stm32f10x_bkp.o(i.BKP_GetFlagStatus), (12 bytes).
    Removing stm32f10x_bkp.o(i.BKP_GetITStatus), (12 bytes).
    Removing stm32f10x_bkp.o(i.BKP_ITConfig), (12 bytes).
    Removing stm32f10x_bkp.o(i.BKP_RTCOutputConfig), (28 bytes).
    Removing stm32f10x_bkp.o(i.BKP_ReadBackupRegister), (28 bytes).
    Removing stm32f10x_bkp.o(i.BKP_SetRTCCalibrationValue), (28 bytes).
    Removing stm32f10x_bkp.o(i.BKP_TamperPinCmd), (12 bytes).
    Removing stm32f10x_bkp.o(i.BKP_TamperPinLevelConfig), (12 bytes).
    Removing stm32f10x_bkp.o(i.BKP_WriteBackupRegister), (28 bytes).
    Removing stm32f10x_can.o(i.CAN_CancelTransmit), (48 bytes).
    Removing stm32f10x_can.o(i.CAN_ClearFlag), (56 bytes).
    Removing stm32f10x_can.o(i.CAN_ClearITPendingBit), (168 bytes).
    Removing stm32f10x_can.o(i.CAN_DBGFreeze), (22 bytes).
    Removing stm32f10x_can.o(i.CAN_DeInit), (56 bytes).
    Removing stm32f10x_can.o(i.CAN_FIFORelease), (22 bytes).
    Removing stm32f10x_can.o(i.CAN_FilterInit), (264 bytes).
    Removing stm32f10x_can.o(i.CAN_GetFlagStatus), (120 bytes).
    Removing stm32f10x_can.o(i.CAN_GetITStatus), (300 bytes).
    Removing stm32f10x_can.o(i.CAN_ITConfig), (18 bytes).
    Removing stm32f10x_can.o(i.CAN_Init), (276 bytes).
    Removing stm32f10x_can.o(i.CAN_MessagePending), (30 bytes).
    Removing stm32f10x_can.o(i.CAN_Receive), (234 bytes).
    Removing stm32f10x_can.o(i.CAN_SlaveStartBank), (52 bytes).
    Removing stm32f10x_can.o(i.CAN_Sleep), (30 bytes).
    Removing stm32f10x_can.o(i.CAN_StructInit), (32 bytes).
    Removing stm32f10x_can.o(i.CAN_Transmit), (294 bytes).
    Removing stm32f10x_can.o(i.CAN_TransmitStatus), (142 bytes).
    Removing stm32f10x_can.o(i.CAN_WakeUp), (48 bytes).
    Removing stm32f10x_can.o(i.CheckITStatus), (18 bytes).
    Removing stm32f10x_cec.o(i.CEC_ClearFlag), (36 bytes).
    Removing stm32f10x_cec.o(i.CEC_ClearITPendingBit), (36 bytes).
    Removing stm32f10x_cec.o(i.CEC_Cmd), (32 bytes).
    Removing stm32f10x_cec.o(i.CEC_DeInit), (22 bytes).
    Removing stm32f10x_cec.o(i.CEC_EndOfMessageCmd), (12 bytes).
    Removing stm32f10x_cec.o(i.CEC_GetFlagStatus), (48 bytes).
    Removing stm32f10x_cec.o(i.CEC_GetITStatus), (40 bytes).
    Removing stm32f10x_cec.o(i.CEC_ITConfig), (12 bytes).
    Removing stm32f10x_cec.o(i.CEC_Init), (32 bytes).
    Removing stm32f10x_cec.o(i.CEC_OwnAddressConfig), (12 bytes).
    Removing stm32f10x_cec.o(i.CEC_ReceiveDataByte), (12 bytes).
    Removing stm32f10x_cec.o(i.CEC_SendDataByte), (12 bytes).
    Removing stm32f10x_cec.o(i.CEC_SetPrescaler), (12 bytes).
    Removing stm32f10x_cec.o(i.CEC_StartOfMessage), (12 bytes).
    Removing stm32f10x_crc.o(i.CRC_CalcBlockCRC), (36 bytes).
    Removing stm32f10x_crc.o(i.CRC_CalcCRC), (16 bytes).
    Removing stm32f10x_crc.o(i.CRC_GetCRC), (12 bytes).
    Removing stm32f10x_crc.o(i.CRC_GetIDRegister), (12 bytes).
    Removing stm32f10x_crc.o(i.CRC_ResetDR), (12 bytes).
    Removing stm32f10x_crc.o(i.CRC_SetIDRegister), (12 bytes).
    Removing stm32f10x_dac.o(i.DAC_Cmd), (40 bytes).
    Removing stm32f10x_dac.o(i.DAC_DMACmd), (44 bytes).
    Removing stm32f10x_dac.o(i.DAC_DeInit), (22 bytes).
    Removing stm32f10x_dac.o(i.DAC_DualSoftwareTriggerCmd), (36 bytes).
    Removing stm32f10x_dac.o(i.DAC_GetDataOutputValue), (36 bytes).
    Removing stm32f10x_dac.o(i.DAC_Init), (52 bytes).
    Removing stm32f10x_dac.o(i.DAC_SetChannel1Data), (32 bytes).
    Removing stm32f10x_dac.o(i.DAC_SetChannel2Data), (32 bytes).
    Removing stm32f10x_dac.o(i.DAC_SetDualChannelData), (36 bytes).
    Removing stm32f10x_dac.o(i.DAC_SoftwareTriggerCmd), (44 bytes).
    Removing stm32f10x_dac.o(i.DAC_StructInit), (12 bytes).
    Removing stm32f10x_dac.o(i.DAC_WaveGenerationCmd), (40 bytes).
    Removing stm32f10x_dbgmcu.o(i.DBGMCU_Config), (32 bytes).
    Removing stm32f10x_dbgmcu.o(i.DBGMCU_GetDEVID), (16 bytes).
    Removing stm32f10x_dbgmcu.o(i.DBGMCU_GetREVID), (12 bytes).
    Removing stm32f10x_dma.o(i.DMA_ClearFlag), (28 bytes).
    Removing stm32f10x_dma.o(i.DMA_ClearITPendingBit), (28 bytes).
    Removing stm32f10x_dma.o(i.DMA_Cmd), (24 bytes).
    Removing stm32f10x_dma.o(i.DMA_DeInit), (332 bytes).
    Removing stm32f10x_dma.o(i.DMA_GetCurrDataCounter), (8 bytes).
    Removing stm32f10x_dma.o(i.DMA_GetFlagStatus), (44 bytes).
    Removing stm32f10x_dma.o(i.DMA_GetITStatus), (44 bytes).
    Removing stm32f10x_dma.o(i.DMA_ITConfig), (18 bytes).
    Removing stm32f10x_dma.o(i.DMA_Init), (60 bytes).
    Removing stm32f10x_dma.o(i.DMA_SetCurrDataCounter), (4 bytes).
    Removing stm32f10x_dma.o(i.DMA_StructInit), (26 bytes).
    Removing stm32f10x_exti.o(i.EXTI_ClearFlag), (12 bytes).
    Removing stm32f10x_exti.o(i.EXTI_DeInit), (36 bytes).
    Removing stm32f10x_exti.o(i.EXTI_GenerateSWInterrupt), (16 bytes).
    Removing stm32f10x_exti.o(i.EXTI_GetFlagStatus), (24 bytes).
    Removing stm32f10x_exti.o(i.EXTI_GetITStatus), (40 bytes).
    Removing stm32f10x_exti.o(i.EXTI_Init), (148 bytes).
    Removing stm32f10x_exti.o(i.EXTI_StructInit), (16 bytes).
    Removing stm32f10x_fsmc.o(i.FSMC_ClearFlag), (64 bytes).
    Removing stm32f10x_fsmc.o(i.FSMC_ClearITPendingBit), (72 bytes).
    Removing stm32f10x_fsmc.o(i.FSMC_GetECC), (28 bytes).
    Removing stm32f10x_fsmc.o(i.FSMC_GetFlagStatus), (56 bytes).
    Removing stm32f10x_fsmc.o(i.FSMC_GetITStatus), (68 bytes).
    Removing stm32f10x_fsmc.o(i.FSMC_ITConfig), (128 bytes).
    Removing stm32f10x_fsmc.o(i.FSMC_NANDCmd), (92 bytes).
    Removing stm32f10x_fsmc.o(i.FSMC_NANDDeInit), (68 bytes).
    Removing stm32f10x_fsmc.o(i.FSMC_NANDECCCmd), (92 bytes).
    Removing stm32f10x_fsmc.o(i.FSMC_NANDInit), (136 bytes).
    Removing stm32f10x_fsmc.o(i.FSMC_NANDStructInit), (54 bytes).
    Removing stm32f10x_fsmc.o(i.FSMC_NORSRAMCmd), (52 bytes).
    Removing stm32f10x_fsmc.o(i.FSMC_NORSRAMDeInit), (54 bytes).
    Removing stm32f10x_fsmc.o(i.FSMC_NORSRAMInit), (230 bytes).
    Removing stm32f10x_fsmc.o(i.FSMC_NORSRAMStructInit), (114 bytes).
    Removing stm32f10x_fsmc.o(i.FSMC_PCCARDCmd), (48 bytes).
    Removing stm32f10x_fsmc.o(i.FSMC_PCCARDDeInit), (40 bytes).
    Removing stm32f10x_fsmc.o(i.FSMC_PCCARDInit), (132 bytes).
    Removing stm32f10x_fsmc.o(i.FSMC_PCCARDStructInit), (60 bytes).
    Removing stm32f10x_i2c.o(i.I2C_ARPCmd), (24 bytes).
    Removing stm32f10x_i2c.o(i.I2C_AcknowledgeConfig), (24 bytes).
    Removing stm32f10x_i2c.o(i.I2C_CalculatePEC), (24 bytes).
    Removing stm32f10x_i2c.o(i.I2C_CheckEvent), (42 bytes).
    Removing stm32f10x_i2c.o(i.I2C_ClearFlag), (12 bytes).
    Removing stm32f10x_i2c.o(i.I2C_ClearITPendingBit), (12 bytes).
    Removing stm32f10x_i2c.o(i.I2C_Cmd), (24 bytes).
    Removing stm32f10x_i2c.o(i.I2C_DMACmd), (24 bytes).
    Removing stm32f10x_i2c.o(i.I2C_DMALastTransferCmd), (24 bytes).
    Removing stm32f10x_i2c.o(i.I2C_DeInit), (56 bytes).
    Removing stm32f10x_i2c.o(i.I2C_DualAddressCmd), (24 bytes).
    Removing stm32f10x_i2c.o(i.I2C_FastModeDutyCycleConfig), (28 bytes).
    Removing stm32f10x_i2c.o(i.I2C_GeneralCallCmd), (24 bytes).
    Removing stm32f10x_i2c.o(i.I2C_GenerateSTART), (24 bytes).
    Removing stm32f10x_i2c.o(i.I2C_GenerateSTOP), (24 bytes).
    Removing stm32f10x_i2c.o(i.I2C_GetFlagStatus), (58 bytes).
    Removing stm32f10x_i2c.o(i.I2C_GetITStatus), (38 bytes).
    Removing stm32f10x_i2c.o(i.I2C_GetLastEvent), (26 bytes).
    Removing stm32f10x_i2c.o(i.I2C_GetPEC), (8 bytes).
    Removing stm32f10x_i2c.o(i.I2C_ITConfig), (18 bytes).
    Removing stm32f10x_i2c.o(i.I2C_Init), (236 bytes).
    Removing stm32f10x_i2c.o(i.I2C_OwnAddress2Config), (22 bytes).
    Removing stm32f10x_i2c.o(i.I2C_PECPositionConfig), (28 bytes).
    Removing stm32f10x_i2c.o(i.I2C_ReadRegister), (22 bytes).
    Removing stm32f10x_i2c.o(i.I2C_ReceiveData), (8 bytes).
    Removing stm32f10x_i2c.o(i.I2C_SMBusAlertConfig), (28 bytes).
    Removing stm32f10x_i2c.o(i.I2C_Send7bitAddress), (18 bytes).
    Removing stm32f10x_i2c.o(i.I2C_SendData), (4 bytes).
    Removing stm32f10x_i2c.o(i.I2C_SoftwareResetCmd), (22 bytes).
    Removing stm32f10x_i2c.o(i.I2C_StretchClockCmd), (24 bytes).
    Removing stm32f10x_i2c.o(i.I2C_StructInit), (30 bytes).
    Removing stm32f10x_i2c.o(i.I2C_TransmitPEC), (24 bytes).
    Removing stm32f10x_iwdg.o(i.IWDG_Enable), (16 bytes).
    Removing stm32f10x_iwdg.o(i.IWDG_GetFlagStatus), (24 bytes).
    Removing stm32f10x_iwdg.o(i.IWDG_ReloadCounter), (16 bytes).
    Removing stm32f10x_iwdg.o(i.IWDG_SetPrescaler), (12 bytes).
    Removing stm32f10x_iwdg.o(i.IWDG_SetReload), (12 bytes).
    Removing stm32f10x_iwdg.o(i.IWDG_WriteAccessCmd), (12 bytes).
    Removing stm32f10x_pwr.o(i.PWR_BackupAccessCmd), (12 bytes).
    Removing stm32f10x_pwr.o(i.PWR_ClearFlag), (20 bytes).
    Removing stm32f10x_pwr.o(i.PWR_DeInit), (22 bytes).
    Removing stm32f10x_pwr.o(i.PWR_EnterSTANDBYMode), (52 bytes).
    Removing stm32f10x_pwr.o(i.PWR_EnterSTOPMode), (64 bytes).
    Removing stm32f10x_pwr.o(i.PWR_GetFlagStatus), (24 bytes).
    Removing stm32f10x_pwr.o(i.PWR_PVDCmd), (12 bytes).
    Removing stm32f10x_pwr.o(i.PWR_PVDLevelConfig), (24 bytes).
    Removing stm32f10x_pwr.o(i.PWR_WakeUpPinCmd), (12 bytes).
    Removing stm32f10x_rtc.o(i.RTC_ClearFlag), (16 bytes).
    Removing stm32f10x_rtc.o(i.RTC_ClearITPendingBit), (16 bytes).
    Removing stm32f10x_rtc.o(i.RTC_EnterConfigMode), (20 bytes).
    Removing stm32f10x_rtc.o(i.RTC_ExitConfigMode), (20 bytes).
    Removing stm32f10x_rtc.o(i.RTC_GetCounter), (20 bytes).
    Removing stm32f10x_rtc.o(i.RTC_GetDivider), (24 bytes).
    Removing stm32f10x_rtc.o(i.RTC_GetFlagStatus), (24 bytes).
    Removing stm32f10x_rtc.o(i.RTC_GetITStatus), (36 bytes).
    Removing stm32f10x_rtc.o(i.RTC_ITConfig), (32 bytes).
    Removing stm32f10x_rtc.o(i.RTC_SetAlarm), (28 bytes).
    Removing stm32f10x_rtc.o(i.RTC_SetCounter), (28 bytes).
    Removing stm32f10x_rtc.o(i.RTC_SetPrescaler), (32 bytes).
    Removing stm32f10x_rtc.o(i.RTC_WaitForLastTask), (20 bytes).
    Removing stm32f10x_rtc.o(i.RTC_WaitForSynchro), (36 bytes).
    Removing stm32f10x_sdio.o(i.SDIO_CEATAITCmd), (16 bytes).
    Removing stm32f10x_sdio.o(i.SDIO_ClearFlag), (12 bytes).
    Removing stm32f10x_sdio.o(i.SDIO_ClearITPendingBit), (12 bytes).
    Removing stm32f10x_sdio.o(i.SDIO_ClockCmd), (12 bytes).
    Removing stm32f10x_sdio.o(i.SDIO_CmdStructInit), (14 bytes).
    Removing stm32f10x_sdio.o(i.SDIO_CommandCompletionCmd), (12 bytes).
    Removing stm32f10x_sdio.o(i.SDIO_DMACmd), (12 bytes).
    Removing stm32f10x_sdio.o(i.SDIO_DataConfig), (48 bytes).
    Removing stm32f10x_sdio.o(i.SDIO_DataStructInit), (20 bytes).
    Removing stm32f10x_sdio.o(i.SDIO_DeInit), (36 bytes).
    Removing stm32f10x_sdio.o(i.SDIO_GetCommandResponse), (12 bytes).
    Removing stm32f10x_sdio.o(i.SDIO_GetDataCounter), (12 bytes).
    Removing stm32f10x_sdio.o(i.SDIO_GetFIFOCount), (12 bytes).
    Removing stm32f10x_sdio.o(i.SDIO_GetFlagStatus), (24 bytes).
    Removing stm32f10x_sdio.o(i.SDIO_GetITStatus), (24 bytes).
    Removing stm32f10x_sdio.o(i.SDIO_GetPowerState), (16 bytes).
    Removing stm32f10x_sdio.o(i.SDIO_GetResponse), (24 bytes).
    Removing stm32f10x_sdio.o(i.SDIO_ITConfig), (32 bytes).
    Removing stm32f10x_sdio.o(i.SDIO_Init), (48 bytes).
    Removing stm32f10x_sdio.o(i.SDIO_ReadData), (12 bytes).
    Removing stm32f10x_sdio.o(i.SDIO_SendCEATACmd), (12 bytes).
    Removing stm32f10x_sdio.o(i.SDIO_SendCommand), (44 bytes).
    Removing stm32f10x_sdio.o(i.SDIO_SendSDIOSuspendCmd), (12 bytes).
    Removing stm32f10x_sdio.o(i.SDIO_SetPowerState), (28 bytes).
    Removing stm32f10x_sdio.o(i.SDIO_SetSDIOOperation), (12 bytes).
    Removing stm32f10x_sdio.o(i.SDIO_SetSDIOReadWaitMode), (12 bytes).
    Removing stm32f10x_sdio.o(i.SDIO_StartSDIOReadWait), (12 bytes).
    Removing stm32f10x_sdio.o(i.SDIO_StopSDIOReadWait), (12 bytes).
    Removing stm32f10x_sdio.o(i.SDIO_StructInit), (16 bytes).
    Removing stm32f10x_sdio.o(i.SDIO_WriteData), (12 bytes).
    Removing stm32f10x_spi.o(i.I2S_Cmd), (24 bytes).
    Removing stm32f10x_spi.o(i.I2S_Init), (232 bytes).
    Removing stm32f10x_spi.o(i.I2S_StructInit), (20 bytes).
    Removing stm32f10x_spi.o(i.SPI_BiDirectionalLineConfig), (28 bytes).
    Removing stm32f10x_spi.o(i.SPI_CalculateCRC), (24 bytes).
    Removing stm32f10x_spi.o(i.SPI_Cmd), (24 bytes).
    Removing stm32f10x_spi.o(i.SPI_DataSizeConfig), (18 bytes).
    Removing stm32f10x_spi.o(i.SPI_GetCRC), (16 bytes).
    Removing stm32f10x_spi.o(i.SPI_GetCRCPolynomial), (6 bytes).
    Removing stm32f10x_spi.o(i.SPI_I2S_ClearFlag), (6 bytes).
    Removing stm32f10x_spi.o(i.SPI_I2S_ClearITPendingBit), (20 bytes).
    Removing stm32f10x_spi.o(i.SPI_I2S_DMACmd), (18 bytes).
    Removing stm32f10x_spi.o(i.SPI_I2S_DeInit), (88 bytes).
    Removing stm32f10x_spi.o(i.SPI_I2S_GetFlagStatus), (18 bytes).
    Removing stm32f10x_spi.o(i.SPI_I2S_GetITStatus), (52 bytes).
    Removing stm32f10x_spi.o(i.SPI_I2S_ITConfig), (32 bytes).
    Removing stm32f10x_spi.o(i.SPI_I2S_ReceiveData), (6 bytes).
    Removing stm32f10x_spi.o(i.SPI_I2S_SendData), (4 bytes).
    Removing stm32f10x_spi.o(i.SPI_Init), (60 bytes).
    Removing stm32f10x_spi.o(i.SPI_NSSInternalSoftwareConfig), (30 bytes).
    Removing stm32f10x_spi.o(i.SPI_SSOutputCmd), (24 bytes).
    Removing stm32f10x_spi.o(i.SPI_StructInit), (24 bytes).
    Removing stm32f10x_spi.o(i.SPI_TransmitCRC), (10 bytes).
    Removing stm32f10x_tim.o(i.TI1_Config), (128 bytes).
    Removing stm32f10x_tim.o(i.TI2_Config), (152 bytes).
    Removing stm32f10x_tim.o(i.TI3_Config), (144 bytes).
    Removing stm32f10x_tim.o(i.TI4_Config), (152 bytes).
    Removing stm32f10x_tim.o(i.TIM_ARRPreloadConfig), (24 bytes).
    Removing stm32f10x_tim.o(i.TIM_BDTRConfig), (32 bytes).
    Removing stm32f10x_tim.o(i.TIM_BDTRStructInit), (18 bytes).
    Removing stm32f10x_tim.o(i.TIM_CCPreloadControl), (24 bytes).
    Removing stm32f10x_tim.o(i.TIM_CCxCmd), (30 bytes).
    Removing stm32f10x_tim.o(i.TIM_CCxNCmd), (30 bytes).
    Removing stm32f10x_tim.o(i.TIM_ClearOC1Ref), (18 bytes).
    Removing stm32f10x_tim.o(i.TIM_ClearOC2Ref), (24 bytes).
    Removing stm32f10x_tim.o(i.TIM_ClearOC3Ref), (18 bytes).
    Removing stm32f10x_tim.o(i.TIM_ClearOC4Ref), (24 bytes).
    Removing stm32f10x_tim.o(i.TIM_CounterModeConfig), (18 bytes).
    Removing stm32f10x_tim.o(i.TIM_CtrlPWMOutputs), (30 bytes).
    Removing stm32f10x_tim.o(i.TIM_DMACmd), (18 bytes).
    Removing stm32f10x_tim.o(i.TIM_DMAConfig), (10 bytes).
    Removing stm32f10x_tim.o(i.TIM_DeInit), (488 bytes).
    Removing stm32f10x_tim.o(i.TIM_ETRClockMode1Config), (54 bytes).
    Removing stm32f10x_tim.o(i.TIM_ETRClockMode2Config), (32 bytes).
    Removing stm32f10x_tim.o(i.TIM_ETRConfig), (28 bytes).
    Removing stm32f10x_tim.o(i.TIM_EncoderInterfaceConfig), (66 bytes).
    Removing stm32f10x_tim.o(i.TIM_ForcedOC1Config), (18 bytes).
    Removing stm32f10x_tim.o(i.TIM_ForcedOC2Config), (26 bytes).
    Removing stm32f10x_tim.o(i.TIM_ForcedOC3Config), (18 bytes).
    Removing stm32f10x_tim.o(i.TIM_ForcedOC4Config), (26 bytes).
    Removing stm32f10x_tim.o(i.TIM_GenerateEvent), (4 bytes).
    Removing stm32f10x_tim.o(i.TIM_GetCapture1), (6 bytes).
    Removing stm32f10x_tim.o(i.TIM_GetCapture2), (6 bytes).
    Removing stm32f10x_tim.o(i.TIM_GetCapture3), (6 bytes).
    Removing stm32f10x_tim.o(i.TIM_GetCapture4), (8 bytes).
    Removing stm32f10x_tim.o(i.TIM_GetPrescaler), (6 bytes).
    Removing stm32f10x_tim.o(i.TIM_ICInit), (172 bytes).
    Removing stm32f10x_tim.o(i.TIM_ICStructInit), (18 bytes).
    Removing stm32f10x_tim.o(i.TIM_ITRxExternalClockConfig), (24 bytes).
    Removing stm32f10x_tim.o(i.TIM_InternalClockConfig), (12 bytes).
    Removing stm32f10x_tim.o(i.TIM_OC1FastConfig), (18 bytes).
    Removing stm32f10x_tim.o(i.TIM_OC1NPolarityConfig), (18 bytes).
    Removing stm32f10x_tim.o(i.TIM_OC1PolarityConfig), (18 bytes).
    Removing stm32f10x_tim.o(i.TIM_OC2FastConfig), (26 bytes).
    Removing stm32f10x_tim.o(i.TIM_OC2Init), (164 bytes).
    Removing stm32f10x_tim.o(i.TIM_OC2NPolarityConfig), (26 bytes).
    Removing stm32f10x_tim.o(i.TIM_OC2PolarityConfig), (26 bytes).
    Removing stm32f10x_tim.o(i.TIM_OC2PreloadConfig), (26 bytes).
    Removing stm32f10x_tim.o(i.TIM_OC3FastConfig), (18 bytes).
    Removing stm32f10x_tim.o(i.TIM_OC3Init), (160 bytes).
    Removing stm32f10x_tim.o(i.TIM_OC3NPolarityConfig), (26 bytes).
    Removing stm32f10x_tim.o(i.TIM_OC3PolarityConfig), (26 bytes).
    Removing stm32f10x_tim.o(i.TIM_OC3PreloadConfig), (18 bytes).
    Removing stm32f10x_tim.o(i.TIM_OC4FastConfig), (26 bytes).
    Removing stm32f10x_tim.o(i.TIM_OC4PolarityConfig), (26 bytes).
    Removing stm32f10x_tim.o(i.TIM_OCStructInit), (20 bytes).
    Removing stm32f10x_tim.o(i.TIM_PWMIConfig), (124 bytes).
    Removing stm32f10x_tim.o(i.TIM_PrescalerConfig), (6 bytes).
    Removing stm32f10x_tim.o(i.TIM_SelectCCDMA), (24 bytes).
    Removing stm32f10x_tim.o(i.TIM_SelectCOM), (24 bytes).
    Removing stm32f10x_tim.o(i.TIM_SelectHallSensor), (24 bytes).
    Removing stm32f10x_tim.o(i.TIM_SelectInputTrigger), (18 bytes).
    Removing stm32f10x_tim.o(i.TIM_SelectMasterSlaveMode), (18 bytes).
    Removing stm32f10x_tim.o(i.TIM_SelectOCxM), (82 bytes).
    Removing stm32f10x_tim.o(i.TIM_SelectOnePulseMode), (18 bytes).
    Removing stm32f10x_tim.o(i.TIM_SelectOutputTrigger), (18 bytes).
    Removing stm32f10x_tim.o(i.TIM_SelectSlaveMode), (18 bytes).
    Removing stm32f10x_tim.o(i.TIM_SetClockDivision), (18 bytes).
    Removing stm32f10x_tim.o(i.TIM_SetCompare2), (4 bytes).
    Removing stm32f10x_tim.o(i.TIM_SetCompare3), (4 bytes).
    Removing stm32f10x_tim.o(i.TIM_SetIC1Prescaler), (18 bytes).
    Removing stm32f10x_tim.o(i.TIM_SetIC2Prescaler), (26 bytes).
    Removing stm32f10x_tim.o(i.TIM_SetIC3Prescaler), (18 bytes).
    Removing stm32f10x_tim.o(i.TIM_SetIC4Prescaler), (26 bytes).
    Removing stm32f10x_tim.o(i.TIM_TIxExternalClockConfig), (62 bytes).
    Removing stm32f10x_tim.o(i.TIM_TimeBaseStructInit), (18 bytes).
    Removing stm32f10x_tim.o(i.TIM_UpdateDisableConfig), (24 bytes).
    Removing stm32f10x_tim.o(i.TIM_UpdateRequestConfig), (24 bytes).
    Removing stm32f10x_usart.o(i.USART_ClearFlag), (18 bytes).
    Removing stm32f10x_usart.o(i.USART_ClearITPendingBit), (30 bytes).
    Removing stm32f10x_usart.o(i.USART_ClockInit), (34 bytes).
    Removing stm32f10x_usart.o(i.USART_ClockStructInit), (12 bytes).
    Removing stm32f10x_usart.o(i.USART_DMACmd), (18 bytes).
    Removing stm32f10x_usart.o(i.USART_DeInit), (156 bytes).
    Removing stm32f10x_usart.o(i.USART_GetFlagStatus), (26 bytes).
    Removing stm32f10x_usart.o(i.USART_HalfDuplexCmd), (24 bytes).
    Removing stm32f10x_usart.o(i.USART_IrDACmd), (24 bytes).
    Removing stm32f10x_usart.o(i.USART_IrDAConfig), (18 bytes).
    Removing stm32f10x_usart.o(i.USART_LINBreakDetectLengthConfig), (18 bytes).
    Removing stm32f10x_usart.o(i.USART_LINCmd), (24 bytes).
    Removing stm32f10x_usart.o(i.USART_OneBitMethodCmd), (24 bytes).
    Removing stm32f10x_usart.o(i.USART_OverSampling8Cmd), (22 bytes).
    Removing stm32f10x_usart.o(i.USART_ReceiverWakeUpCmd), (24 bytes).
    Removing stm32f10x_usart.o(i.USART_SendBreak), (10 bytes).
    Removing stm32f10x_usart.o(i.USART_SendData), (8 bytes).
    Removing stm32f10x_usart.o(i.USART_SetAddress), (18 bytes).
    Removing stm32f10x_usart.o(i.USART_SetGuardTime), (16 bytes).
    Removing stm32f10x_usart.o(i.USART_SetPrescaler), (16 bytes).
    Removing stm32f10x_usart.o(i.USART_SmartCardCmd), (24 bytes).
    Removing stm32f10x_usart.o(i.USART_SmartCardNACKCmd), (24 bytes).
    Removing stm32f10x_usart.o(i.USART_StructInit), (24 bytes).
    Removing stm32f10x_usart.o(i.USART_WakeUpConfig), (18 bytes).
    Removing stm32f10x_wwdg.o(i.WWDG_ClearFlag), (12 bytes).
    Removing stm32f10x_wwdg.o(i.WWDG_DeInit), (22 bytes).
    Removing stm32f10x_wwdg.o(i.WWDG_Enable), (16 bytes).
    Removing stm32f10x_wwdg.o(i.WWDG_EnableIT), (12 bytes).
    Removing stm32f10x_wwdg.o(i.WWDG_GetFlagStatus), (12 bytes).
    Removing stm32f10x_wwdg.o(i.WWDG_SetCounter), (16 bytes).
    Removing stm32f10x_wwdg.o(i.WWDG_SetPrescaler), (24 bytes).
    Removing stm32f10x_wwdg.o(i.WWDG_SetWindowValue), (40 bytes).
    Removing core_cm3.o(.emb_text), (32 bytes).
    Removing system_stm32f10x.o(i.SystemCoreClockUpdate), (164 bytes).
    Removing startup_stm32f10x_hd.o(HEAP), (512 bytes).
    Removing myiic.o(i.IIC_Ack), (80 bytes).
    Removing myiic.o(i.IIC_NAck), (80 bytes).
    Removing myiic.o(i.IIC_Read_Byte), (112 bytes).
    Removing oled.o(i.OLED_DisplayOff), (22 bytes).
    Removing oled.o(i.OLED_DisplayOn), (22 bytes).
    Removing oled.o(i.OLED_DrawBMP), (60 bytes).
    Removing oled.o(i.OLED_ShowCN), (88 bytes).
    Removing key.o(i.KEY_Init), (56 bytes).
    Removing key.o(i.KEY_Scan), (212 bytes).
    Removing key.o(.data), (1 bytes).
    Removing exti.o(i.EXTIX_Init), (166 bytes).
    Removing pwm.o(i.STEP_3CH), (380 bytes).
    Removing pwm.o(i.TIM3_3CH), (64 bytes).
    Removing pwm.o(i.TIM3_PWM), (112 bytes).
    Removing pwm.o(i.pwm_init2), (192 bytes).
    Removing pwm.o(.data), (8 bytes).
    Removing usart.o(i._sys_exit), (6 bytes).
    Removing usart.o(i.uart_init), (160 bytes).
    Removing dadd.o(.text), (334 bytes).
    Removing dmul.o(.text), (228 bytes).
    Removing ddiv.o(.text), (222 bytes).
    Removing dfixul.o(.text), (48 bytes).
    Removing cdrcmple.o(.text), (48 bytes).
    Removing depilogue.o(.text), (186 bytes).

463 unused section(s) (total 20675 bytes) removed from the image.

==============================================================================

Image Symbol Table

    Local Symbols

    Symbol Name                              Value     Ov Type        Size  Object(Section)

    ../clib/../cmprslib/zerorunl2.c          0x00000000   Number         0  __dczerorl2.o ABSOLUTE
    ../clib/microlib/division.c              0x00000000   Number         0  uidiv.o ABSOLUTE
    ../clib/microlib/division.c              0x00000000   Number         0  uldiv.o ABSOLUTE
    ../clib/microlib/init/entry.s            0x00000000   Number         0  entry.o ABSOLUTE
    ../clib/microlib/init/entry.s            0x00000000   Number         0  entry11a.o ABSOLUTE
    ../clib/microlib/init/entry.s            0x00000000   Number         0  entry10b.o ABSOLUTE
    ../clib/microlib/init/entry.s            0x00000000   Number         0  entry11b.o ABSOLUTE
    ../clib/microlib/init/entry.s            0x00000000   Number         0  entry10a.o ABSOLUTE
    ../clib/microlib/init/entry.s            0x00000000   Number         0  entry2.o ABSOLUTE
    ../clib/microlib/init/entry.s            0x00000000   Number         0  entry9a.o ABSOLUTE
    ../clib/microlib/init/entry.s            0x00000000   Number         0  entry8a.o ABSOLUTE
    ../clib/microlib/init/entry.s            0x00000000   Number         0  entry7a.o ABSOLUTE
    ../clib/microlib/init/entry.s            0x00000000   Number         0  entry8b.o ABSOLUTE
    ../clib/microlib/init/entry.s            0x00000000   Number         0  entry7b.o ABSOLUTE
    ../clib/microlib/init/entry.s            0x00000000   Number         0  entry5.o ABSOLUTE
    ../clib/microlib/init/entry.s            0x00000000   Number         0  entry9b.o ABSOLUTE
    ../clib/microlib/longlong.c              0x00000000   Number         0  llushr.o ABSOLUTE
    ../clib/microlib/longlong.c              0x00000000   Number         0  llshl.o ABSOLUTE
    ../clib/microlib/longlong.c              0x00000000   Number         0  llsshr.o ABSOLUTE
    ../clib/microlib/printf/printf.c         0x00000000   Number         0  printf7.o ABSOLUTE
    ../clib/microlib/printf/printf.c         0x00000000   Number         0  printfb.o ABSOLUTE
    ../clib/microlib/printf/printf.c         0x00000000   Number         0  printf0.o ABSOLUTE
    ../clib/microlib/printf/printf.c         0x00000000   Number         0  printf2.o ABSOLUTE
    ../clib/microlib/printf/printf.c         0x00000000   Number         0  printf3.o ABSOLUTE
    ../clib/microlib/printf/printf.c         0x00000000   Number         0  printf5.o ABSOLUTE
    ../clib/microlib/printf/printf.c         0x00000000   Number         0  printf6.o ABSOLUTE
    ../clib/microlib/printf/printf.c         0x00000000   Number         0  printf1.o ABSOLUTE
    ../clib/microlib/printf/printf.c         0x00000000   Number         0  printf8.o ABSOLUTE
    ../clib/microlib/printf/printf.c         0x00000000   Number         0  printfa.o ABSOLUTE
    ../clib/microlib/printf/printf.c         0x00000000   Number         0  printf4.o ABSOLUTE
    ../clib/microlib/printf/stubs.s          0x00000000   Number         0  stubs.o ABSOLUTE
    ../clib/microlib/stubs.s                 0x00000000   Number         0  useno.o ABSOLUTE
    ../clib/microlib/stubs.s                 0x00000000   Number         0  iusefp.o ABSOLUTE
    ../fplib/microlib/fpadd.c                0x00000000   Number         0  dadd.o ABSOLUTE
    ../fplib/microlib/fpdiv.c                0x00000000   Number         0  ddiv.o ABSOLUTE
    ../fplib/microlib/fpepilogue.c           0x00000000   Number         0  depilogue.o ABSOLUTE
    ../fplib/microlib/fpfix.c                0x00000000   Number         0  dfixul.o ABSOLUTE
    ../fplib/microlib/fpmul.c                0x00000000   Number         0  dmul.o ABSOLUTE
    ..\HARDWARE\DRIVER\driver.c              0x00000000   Number         0  driver.o ABSOLUTE
    ..\HARDWARE\EXTI\exti.c                  0x00000000   Number         0  exti.o ABSOLUTE
    ..\HARDWARE\IIC\myiic.c                  0x00000000   Number         0  myiic.o ABSOLUTE
    ..\HARDWARE\KEY\key.c                    0x00000000   Number         0  key.o ABSOLUTE
    ..\HARDWARE\LED\led.c                    0x00000000   Number         0  led.o ABSOLUTE
    ..\HARDWARE\OLED\oled.c                  0x00000000   Number         0  oled.o ABSOLUTE
    ..\HARDWARE\OpenMV\openmv.c              0x00000000   Number         0  openmv.o ABSOLUTE
    ..\HARDWARE\PWM\pwm.c                    0x00000000   Number         0  pwm.o ABSOLUTE
    ..\Libraries\CMSIS\CM3\CoreSupport\core_cm3.c 0x00000000   Number         0  core_cm3.o ABSOLUTE
    ..\Libraries\CMSIS\CM3\DeviceSupport\ST\STM32F10x\startup\arm\startup_stm32f10x_hd.s 0x00000000   Number         0  startup_stm32f10x_hd.o ABSOLUTE
    ..\Libraries\STM32F10x_StdPeriph_Driver\src\misc.c 0x00000000   Number         0  misc.o ABSOLUTE
    ..\Libraries\STM32F10x_StdPeriph_Driver\src\stm32f10x_adc.c 0x00000000   Number         0  stm32f10x_adc.o ABSOLUTE
    ..\Libraries\STM32F10x_StdPeriph_Driver\src\stm32f10x_bkp.c 0x00000000   Number         0  stm32f10x_bkp.o ABSOLUTE
    ..\Libraries\STM32F10x_StdPeriph_Driver\src\stm32f10x_can.c 0x00000000   Number         0  stm32f10x_can.o ABSOLUTE
    ..\Libraries\STM32F10x_StdPeriph_Driver\src\stm32f10x_cec.c 0x00000000   Number         0  stm32f10x_cec.o ABSOLUTE
    ..\Libraries\STM32F10x_StdPeriph_Driver\src\stm32f10x_crc.c 0x00000000   Number         0  stm32f10x_crc.o ABSOLUTE
    ..\Libraries\STM32F10x_StdPeriph_Driver\src\stm32f10x_dac.c 0x00000000   Number         0  stm32f10x_dac.o ABSOLUTE
    ..\Libraries\STM32F10x_StdPeriph_Driver\src\stm32f10x_dbgmcu.c 0x00000000   Number         0  stm32f10x_dbgmcu.o ABSOLUTE
    ..\Libraries\STM32F10x_StdPeriph_Driver\src\stm32f10x_dma.c 0x00000000   Number         0  stm32f10x_dma.o ABSOLUTE
    ..\Libraries\STM32F10x_StdPeriph_Driver\src\stm32f10x_exti.c 0x00000000   Number         0  stm32f10x_exti.o ABSOLUTE
    ..\Libraries\STM32F10x_StdPeriph_Driver\src\stm32f10x_flash.c 0x00000000   Number         0  stm32f10x_flash.o ABSOLUTE
    ..\Libraries\STM32F10x_StdPeriph_Driver\src\stm32f10x_fsmc.c 0x00000000   Number         0  stm32f10x_fsmc.o ABSOLUTE
    ..\Libraries\STM32F10x_StdPeriph_Driver\src\stm32f10x_gpio.c 0x00000000   Number         0  stm32f10x_gpio.o ABSOLUTE
    ..\Libraries\STM32F10x_StdPeriph_Driver\src\stm32f10x_i2c.c 0x00000000   Number         0  stm32f10x_i2c.o ABSOLUTE
    ..\Libraries\STM32F10x_StdPeriph_Driver\src\stm32f10x_iwdg.c 0x00000000   Number         0  stm32f10x_iwdg.o ABSOLUTE
    ..\Libraries\STM32F10x_StdPeriph_Driver\src\stm32f10x_pwr.c 0x00000000   Number         0  stm32f10x_pwr.o ABSOLUTE
    ..\Libraries\STM32F10x_StdPeriph_Driver\src\stm32f10x_rcc.c 0x00000000   Number         0  stm32f10x_rcc.o ABSOLUTE
    ..\Libraries\STM32F10x_StdPeriph_Driver\src\stm32f10x_rtc.c 0x00000000   Number         0  stm32f10x_rtc.o ABSOLUTE
    ..\Libraries\STM32F10x_StdPeriph_Driver\src\stm32f10x_sdio.c 0x00000000   Number         0  stm32f10x_sdio.o ABSOLUTE
    ..\Libraries\STM32F10x_StdPeriph_Driver\src\stm32f10x_spi.c 0x00000000   Number         0  stm32f10x_spi.o ABSOLUTE
    ..\Libraries\STM32F10x_StdPeriph_Driver\src\stm32f10x_tim.c 0x00000000   Number         0  stm32f10x_tim.o ABSOLUTE
    ..\Libraries\STM32F10x_StdPeriph_Driver\src\stm32f10x_usart.c 0x00000000   Number         0  stm32f10x_usart.o ABSOLUTE
    ..\Libraries\STM32F10x_StdPeriph_Driver\src\stm32f10x_wwdg.c 0x00000000   Number         0  stm32f10x_wwdg.o ABSOLUTE
    ..\SYSTEM\delay\delay.c                  0x00000000   Number         0  delay.o ABSOLUTE
    ..\SYSTEM\sys\sys.c                      0x00000000   Number         0  sys.o ABSOLUTE
    ..\SYSTEM\usart\usart.c                  0x00000000   Number         0  usart.o ABSOLUTE
    ..\USER\main.c                           0x00000000   Number         0  main.o ABSOLUTE
    ..\USER\stm32f10x_it.c                   0x00000000   Number         0  stm32f10x_it.o ABSOLUTE
    ..\USER\system_stm32f10x.c               0x00000000   Number         0  system_stm32f10x.o ABSOLUTE
    ..\USMART\usmart.c                       0x00000000   Number         0  usmart.o ABSOLUTE
    ..\USMART\usmart_config.c                0x00000000   Number         0  usmart_config.o ABSOLUTE
    ..\USMART\usmart_str.c                   0x00000000   Number         0  usmart_str.o ABSOLUTE
    ..\\Libraries\\CMSIS\\CM3\\CoreSupport\\core_cm3.c 0x00000000   Number         0  core_cm3.o ABSOLUTE
    cdrcmple.s                               0x00000000   Number         0  cdrcmple.o ABSOLUTE
    dc.s                                     0x00000000   Number         0  dc.o ABSOLUTE
    handlers.s                               0x00000000   Number         0  handlers.o ABSOLUTE
    init.s                                   0x00000000   Number         0  init.o ABSOLUTE
    RESET                                    0x08000000   Section      304  startup_stm32f10x_hd.o(RESET)
    .ARM.Collect$$$$00000000                 0x08000130   Section        0  entry.o(.ARM.Collect$$$$00000000)
    .ARM.Collect$$$$00000001                 0x08000130   Section        4  entry2.o(.ARM.Collect$$$$00000001)
    .ARM.Collect$$$$00000004                 0x08000134   Section        4  entry5.o(.ARM.Collect$$$$00000004)
    .ARM.Collect$$$$00000008                 0x08000138   Section        0  entry7b.o(.ARM.Collect$$$$00000008)
    .ARM.Collect$$$$0000000A                 0x08000138   Section        0  entry8b.o(.ARM.Collect$$$$0000000A)
    .ARM.Collect$$$$0000000B                 0x08000138   Section        8  entry9a.o(.ARM.Collect$$$$0000000B)
    .ARM.Collect$$$$0000000D                 0x08000140   Section        0  entry10a.o(.ARM.Collect$$$$0000000D)
    .ARM.Collect$$$$0000000F                 0x08000140   Section        0  entry11a.o(.ARM.Collect$$$$0000000F)
    .ARM.Collect$$$$00002712                 0x08000140   Section        4  entry2.o(.ARM.Collect$$$$00002712)
    __lit__00000000                          0x08000140   Data           4  entry2.o(.ARM.Collect$$$$00002712)
    .text                                    0x08000144   Section       36  startup_stm32f10x_hd.o(.text)
    .text                                    0x08000168   Section        0  uldiv.o(.text)
    .text                                    0x080001cc   Section       36  init.o(.text)
    .text                                    0x080001f0   Section        0  llshl.o(.text)
    .text                                    0x0800020e   Section        0  llushr.o(.text)
    .text                                    0x0800022e   Section        0  __dczerorl2.o(.text)
    i.BusFault_Handler                       0x08000284   Section        0  stm32f10x_it.o(i.BusFault_Handler)
    i.DebugMon_Handler                       0x08000288   Section        0  stm32f10x_it.o(i.DebugMon_Handler)
    i.EXTI15_10_IRQHandler                   0x0800028c   Section        0  exti.o(i.EXTI15_10_IRQHandler)
    i.EXTI1_IRQHandler                       0x0800030c   Section        0  exti.o(i.EXTI1_IRQHandler)
    i.EXTI_ClearITPendingBit                 0x08000348   Section        0  stm32f10x_exti.o(i.EXTI_ClearITPendingBit)
    i.GPIO_Init                              0x08000354   Section        0  stm32f10x_gpio.o(i.GPIO_Init)
    i.GPIO_ReadInputDataBit                  0x0800046a   Section        0  stm32f10x_gpio.o(i.GPIO_ReadInputDataBit)
    i.GPIO_ResetBits                         0x0800047c   Section        0  stm32f10x_gpio.o(i.GPIO_ResetBits)
    i.GPIO_SetBits                           0x08000480   Section        0  stm32f10x_gpio.o(i.GPIO_SetBits)
    i.HardFault_Handler                      0x08000484   Section        0  stm32f10x_it.o(i.HardFault_Handler)
    i.IIC_Init                               0x08000488   Section        0  myiic.o(i.IIC_Init)
    i.IIC_Send_Byte                          0x080004c0   Section        0  myiic.o(i.IIC_Send_Byte)
    i.IIC_Start                              0x08000528   Section        0  myiic.o(i.IIC_Start)
    i.IIC_Stop                               0x08000574   Section        0  myiic.o(i.IIC_Stop)
    i.IIC_Wait_Ack                           0x080005c0   Section        0  myiic.o(i.IIC_Wait_Ack)
    i.LED_Init                               0x08000624   Section        0  led.o(i.LED_Init)
    i.MemManage_Handler                      0x0800065c   Section        0  stm32f10x_it.o(i.MemManage_Handler)
    i.NMI_Handler                            0x08000660   Section        0  stm32f10x_it.o(i.NMI_Handler)
    i.NVIC_Init                              0x08000664   Section        0  misc.o(i.NVIC_Init)
    i.OLED_Clear                             0x080006d4   Section        0  oled.o(i.OLED_Clear)
    i.OLED_Init                              0x0800070c   Section        0  oled.o(i.OLED_Init)
    i.OLED_SetPos                            0x080007e8   Section        0  oled.o(i.OLED_SetPos)
    i.OLED_ShowChar                          0x0800080c   Section        0  oled.o(i.OLED_ShowChar)
    i.OLED_ShowNum                           0x080008a8   Section        0  oled.o(i.OLED_ShowNum)
    i.OLED_ShowString                        0x08000980   Section        0  oled.o(i.OLED_ShowString)
    i.OLED_WR_Byte                           0x080009ba   Section        0  oled.o(i.OLED_WR_Byte)
    i.OLED_Write                             0x080009d6   Section        0  oled.o(i.OLED_Write)
    i.OpenMV_IO_Init                         0x08000a04   Section        0  openmv.o(i.OpenMV_IO_Init)
    i.OpenMV_IO_Scan                         0x08000a3c   Section        0  openmv.o(i.OpenMV_IO_Scan)
    i.PendSV_Handler                         0x08000a88   Section        0  stm32f10x_it.o(i.PendSV_Handler)
    i.RCC_APB1PeriphClockCmd                 0x08000a8c   Section        0  stm32f10x_rcc.o(i.RCC_APB1PeriphClockCmd)
    i.RCC_APB2PeriphClockCmd                 0x08000aac   Section        0  stm32f10x_rcc.o(i.RCC_APB2PeriphClockCmd)
    i.RCC_GetClocksFreq                      0x08000acc   Section        0  stm32f10x_rcc.o(i.RCC_GetClocksFreq)
    i.SSD1106_WriteCmd                       0x08000ba0   Section        0  oled.o(i.SSD1106_WriteCmd)
    i.SSD1106_WriteData                      0x08000bcc   Section        0  oled.o(i.SSD1106_WriteData)
    i.SVC_Handler                            0x08000bf8   Section        0  stm32f10x_it.o(i.SVC_Handler)
    i.SetSysClock                            0x08000bfa   Section        0  system_stm32f10x.o(i.SetSysClock)
    SetSysClock                              0x08000bfb   Thumb Code     8  system_stm32f10x.o(i.SetSysClock)
    i.SetSysClockTo72                        0x08000c04   Section        0  system_stm32f10x.o(i.SetSysClockTo72)
    SetSysClockTo72                          0x08000c05   Thumb Code   214  system_stm32f10x.o(i.SetSysClockTo72)
    i.SysTick_CLKSourceConfig                0x08000ce4   Section        0  misc.o(i.SysTick_CLKSourceConfig)
    i.SysTick_Handler                        0x08000d0c   Section        0  stm32f10x_it.o(i.SysTick_Handler)
    i.SystemInit                             0x08000d10   Section        0  system_stm32f10x.o(i.SystemInit)
    i.TIM4_IRQHandler                        0x08000d70   Section        0  usmart.o(i.TIM4_IRQHandler)
    i.TIM_ClearFlag                          0x08000da8   Section        0  stm32f10x_tim.o(i.TIM_ClearFlag)
    i.TIM_ClearITPendingBit                  0x08000dae   Section        0  stm32f10x_tim.o(i.TIM_ClearITPendingBit)
    i.TIM_Cmd                                0x08000db4   Section        0  stm32f10x_tim.o(i.TIM_Cmd)
    i.TIM_GetCounter                         0x08000dcc   Section        0  stm32f10x_tim.o(i.TIM_GetCounter)
    i.TIM_GetFlagStatus                      0x08000dd2   Section        0  stm32f10x_tim.o(i.TIM_GetFlagStatus)
    i.TIM_GetITStatus                        0x08000de4   Section        0  stm32f10x_tim.o(i.TIM_GetITStatus)
    i.TIM_ITConfig                           0x08000e06   Section        0  stm32f10x_tim.o(i.TIM_ITConfig)
    i.TIM_OC1Init                            0x08000e18   Section        0  stm32f10x_tim.o(i.TIM_OC1Init)
    i.TIM_OC1PreloadConfig                   0x08000eb0   Section        0  stm32f10x_tim.o(i.TIM_OC1PreloadConfig)
    i.TIM_OC4Init                            0x08000ec4   Section        0  stm32f10x_tim.o(i.TIM_OC4Init)
    i.TIM_OC4PreloadConfig                   0x08000f40   Section        0  stm32f10x_tim.o(i.TIM_OC4PreloadConfig)
    i.TIM_SetAutoreload                      0x08000f5a   Section        0  stm32f10x_tim.o(i.TIM_SetAutoreload)
    i.TIM_SetCompare1                        0x08000f5e   Section        0  stm32f10x_tim.o(i.TIM_SetCompare1)
    i.TIM_SetCompare4                        0x08000f62   Section        0  stm32f10x_tim.o(i.TIM_SetCompare4)
    i.TIM_SetCounter                         0x08000f68   Section        0  stm32f10x_tim.o(i.TIM_SetCounter)
    i.TIM_TimeBaseInit                       0x08000f6c   Section        0  stm32f10x_tim.o(i.TIM_TimeBaseInit)
    i.Timer4_Init                            0x08001010   Section        0  usmart.o(i.Timer4_Init)
    i.USART1_IRQHandler                      0x0800106c   Section        0  usart.o(i.USART1_IRQHandler)
    i.USART2_IRQHandler                      0x080010e0   Section        0  usart.o(i.USART2_IRQHandler)
    i.USART_Cmd                              0x08001174   Section        0  stm32f10x_usart.o(i.USART_Cmd)
    i.USART_GetITStatus                      0x0800118c   Section        0  stm32f10x_usart.o(i.USART_GetITStatus)
    i.USART_ITConfig                         0x080011e0   Section        0  stm32f10x_usart.o(i.USART_ITConfig)
    i.USART_Init                             0x0800122c   Section        0  stm32f10x_usart.o(i.USART_Init)
    i.USART_ReceiveData                      0x08001304   Section        0  stm32f10x_usart.o(i.USART_ReceiveData)
    i.UsageFault_Handler                     0x0800130e   Section        0  stm32f10x_it.o(i.UsageFault_Handler)
    i.__0printf$8                            0x08001314   Section        0  printf8.o(i.__0printf$8)
    i.__scatterload_copy                     0x08001334   Section       14  handlers.o(i.__scatterload_copy)
    i.__scatterload_null                     0x08001342   Section        2  handlers.o(i.__scatterload_null)
    i.__scatterload_zeroinit                 0x08001344   Section       14  handlers.o(i.__scatterload_zeroinit)
    i._printf_core                           0x08001354   Section        0  printf8.o(i._printf_core)
    _printf_core                             0x08001355   Thumb Code   996  printf8.o(i._printf_core)
    i._printf_post_padding                   0x08001764   Section        0  printf8.o(i._printf_post_padding)
    _printf_post_padding                     0x08001765   Thumb Code    36  printf8.o(i._printf_post_padding)
    i._printf_pre_padding                    0x08001788   Section        0  printf8.o(i._printf_pre_padding)
    _printf_pre_padding                      0x08001789   Thumb Code    46  printf8.o(i._printf_pre_padding)
    i.back_line                              0x080017b8   Section        0  main.o(i.back_line)
    i.car_run                                0x08001834   Section        0  driver.o(i.car_run)
    i.delay_init                             0x08001a74   Section        0  delay.o(i.delay_init)
    i.delay_ms                               0x08001ab8   Section        0  delay.o(i.delay_ms)
    i.delay_us                               0x08001b04   Section        0  delay.o(i.delay_us)
    i.display_initial                        0x08001b50   Section        0  main.o(i.display_initial)
    i.driver_Init                            0x08001b90   Section        0  driver.o(i.driver_Init)
    i.driver_test                            0x08001bc8   Section        0  driver.o(i.driver_test)
    i.find_goal                              0x08001c3c   Section        0  main.o(i.find_goal)
    i.find_shi                               0x08001c94   Section        0  main.o(i.find_shi)
    i.fputc                                  0x08001cd8   Section        0  usart.o(i.fputc)
    i.led_output                             0x08001cf4   Section        0  led.o(i.led_output)
    i.main                                   0x08001db8   Section        0  main.o(i.main)
    i.mode_change                            0x08001fb8   Section        0  main.o(i.mode_change)
    i.pwm_init                               0x08002a00   Section        0  pwm.o(i.pwm_init)
    i.read_addr                              0x08002ab8   Section        0  usmart.o(i.read_addr)
    i.run_line                               0x08002ac0   Section        0  main.o(i.run_line)
    i.system_initial                         0x08002bd4   Section        0  main.o(i.system_initial)
    i.turn_180                               0x08002c0c   Section        0  main.o(i.turn_180)
    i.turn_90                                0x08002ca4   Section        0  main.o(i.turn_90)
    i.uart2_init                             0x08002d44   Section        0  usart.o(i.uart2_init)
    i.usmart_cmd_rec                         0x08002de8   Section        0  usmart.o(i.usmart_cmd_rec)
    i.usmart_exe                             0x08002e98   Section        0  usmart.o(i.usmart_exe)
    i.usmart_get_aparm                       0x0800316c   Section        0  usmart_str.o(i.usmart_get_aparm)
    i.usmart_get_cmdname                     0x08003234   Section        0  usmart_str.o(i.usmart_get_cmdname)
    i.usmart_get_fname                       0x0800326c   Section        0  usmart_str.o(i.usmart_get_fname)
    i.usmart_get_fparam                      0x0800342c   Section        0  usmart_str.o(i.usmart_get_fparam)
    i.usmart_get_parmpos                     0x08003538   Section        0  usmart_str.o(i.usmart_get_parmpos)
    i.usmart_get_runtime                     0x08003558   Section        0  usmart.o(i.usmart_get_runtime)
    i.usmart_init                            0x0800359c   Section        0  usmart.o(i.usmart_init)
    i.usmart_pow                             0x080035c4   Section        0  usmart_str.o(i.usmart_pow)
    i.usmart_reset_runtime                   0x080035dc   Section        0  usmart.o(i.usmart_reset_runtime)
    i.usmart_scan                            0x0800360c   Section        0  usmart.o(i.usmart_scan)
    i.usmart_search_nextc                    0x080036c8   Section        0  usmart_str.o(i.usmart_search_nextc)
    i.usmart_str2num                         0x080036de   Section        0  usmart_str.o(i.usmart_str2num)
    i.usmart_strcmp                          0x080037a8   Section        0  usmart_str.o(i.usmart_strcmp)
    i.usmart_strcopy                         0x080037ca   Section        0  usmart_str.o(i.usmart_strcopy)
    i.usmart_strlen                          0x080037e0   Section        0  usmart_str.o(i.usmart_strlen)
    i.usmart_sys_cmd_exe                     0x080037f8   Section        0  usmart.o(i.usmart_sys_cmd_exe)
    i.write_addr                             0x08003edc   Section        0  usmart.o(i.write_addr)
    .conststring                             0x08003ee0   Section       40  usmart.o(.conststring)
    .conststring                             0x08003f08   Section      131  usmart_config.o(.conststring)
    .data                                    0x20000000   Section       22  main.o(.data)
    .data                                    0x20000016   Section       20  stm32f10x_rcc.o(.data)
    APBAHBPrescTable                         0x20000016   Data          16  stm32f10x_rcc.o(.data)
    ADCPrescTable                            0x20000026   Data           4  stm32f10x_rcc.o(.data)
    .data                                    0x2000002c   Section       20  system_stm32f10x.o(.data)
    .data                                    0x20000040   Section     3416  oled.o(.data)
    .data                                    0x20000d98   Section        4  delay.o(.data)
    fac_us                                   0x20000d98   Data           1  delay.o(.data)
    fac_ms                                   0x20000d9a   Data           2  delay.o(.data)
    .data                                    0x20000d9c   Section        6  usart.o(.data)
    .data                                    0x20000da4   Section       28  usmart.o(.data)
    .data                                    0x20000dc0   Section      284  usmart_config.o(.data)
    .bss                                     0x20000edc   Section      200  usart.o(.bss)
    STACK                                    0x20000fa8   Section     1024  startup_stm32f10x_hd.o(STACK)

    Global Symbols

    Symbol Name                              Value     Ov Type        Size  Object(Section)

    BuildAttributes$$THM_ISAv4$P$D$K$B$S$PE$A:L22UL41UL21$X:L11$S22US41US21$IEEE1$IW$USESV6$~STKCKD$USESV7$~SHL$OSPACE$ROPI$EBA8$MICROLIB$REQ8$PRES8$EABIv2 0x00000000   Number         0  anon$$obj.o ABSOLUTE
    __ARM_use_no_argv                        0x00000000   Number         0  main.o ABSOLUTE
    __use_no_errno                           0x00000000   Number         0  useno.o ABSOLUTE
    __use_no_exception_handling              0x00000000   Number         0  useno.o ABSOLUTE
    __use_no_fp                              0x00000000   Number         0  useno.o ABSOLUTE
    __use_no_heap                            0x00000000   Number         0  useno.o ABSOLUTE
    __use_no_heap_region                     0x00000000   Number         0  useno.o ABSOLUTE
    __use_no_semihosting                     0x00000000   Number         0  useno.o ABSOLUTE
    __use_no_semihosting_swi                 0x00000000   Number         0  useno.o ABSOLUTE
    __use_no_signal_handling                 0x00000000   Number         0  useno.o ABSOLUTE
    _printf_a                                0x00000000   Number         0  stubs.o ABSOLUTE
    _printf_c                                0x00000000   Number         0  stubs.o ABSOLUTE
    _printf_charcount                        0x00000000   Number         0  stubs.o ABSOLUTE
    _printf_d                                0x00000000   Number         0  stubs.o ABSOLUTE
    _printf_e                                0x00000000   Number         0  stubs.o ABSOLUTE
    _printf_f                                0x00000000   Number         0  stubs.o ABSOLUTE
    _printf_flags                            0x00000000   Number         0  stubs.o ABSOLUTE
    _printf_fp_dec                           0x00000000   Number         0  stubs.o ABSOLUTE
    _printf_fp_hex                           0x00000000   Number         0  stubs.o ABSOLUTE
    _printf_g                                0x00000000   Number         0  stubs.o ABSOLUTE
    _printf_i                                0x00000000   Number         0  stubs.o ABSOLUTE
    _printf_int_dec                          0x00000000   Number         0  stubs.o ABSOLUTE
    _printf_l                                0x00000000   Number         0  stubs.o ABSOLUTE
    _printf_lc                               0x00000000   Number         0  stubs.o ABSOLUTE
    _printf_ll                               0x00000000   Number         0  stubs.o ABSOLUTE
    _printf_lld                              0x00000000   Number         0  stubs.o ABSOLUTE
    _printf_lli                              0x00000000   Number         0  stubs.o ABSOLUTE
    _printf_llo                              0x00000000   Number         0  stubs.o ABSOLUTE
    _printf_llu                              0x00000000   Number         0  stubs.o ABSOLUTE
    _printf_llx                              0x00000000   Number         0  stubs.o ABSOLUTE
    _printf_longlong_dec                     0x00000000   Number         0  stubs.o ABSOLUTE
    _printf_longlong_hex                     0x00000000   Number         0  stubs.o ABSOLUTE
    _printf_longlong_oct                     0x00000000   Number         0  stubs.o ABSOLUTE
    _printf_ls                               0x00000000   Number         0  stubs.o ABSOLUTE
    _printf_mbtowc                           0x00000000   Number         0  stubs.o ABSOLUTE
    _printf_n                                0x00000000   Number         0  stubs.o ABSOLUTE
    _printf_o                                0x00000000   Number         0  stubs.o ABSOLUTE
    _printf_p                                0x00000000   Number         0  stubs.o ABSOLUTE
    _printf_percent                          0x00000000   Number         0  stubs.o ABSOLUTE
    _printf_pre_padding                      0x00000000   Number         0  stubs.o ABSOLUTE
    _printf_return_value                     0x00000000   Number         0  stubs.o ABSOLUTE
    _printf_s                                0x00000000   Number         0  stubs.o ABSOLUTE
    _printf_sizespec                         0x00000000   Number         0  stubs.o ABSOLUTE
    _printf_str                              0x00000000   Number         0  stubs.o ABSOLUTE
    _printf_truncate_signed                  0x00000000   Number         0  stubs.o ABSOLUTE
    _printf_truncate_unsigned                0x00000000   Number         0  stubs.o ABSOLUTE
    _printf_u                                0x00000000   Number         0  stubs.o ABSOLUTE
    _printf_wc                               0x00000000   Number         0  stubs.o ABSOLUTE
    _printf_wctomb                           0x00000000   Number         0  stubs.o ABSOLUTE
    _printf_widthprec                        0x00000000   Number         0  stubs.o ABSOLUTE
    _printf_x                                0x00000000   Number         0  stubs.o ABSOLUTE
    __cpp_initialize__aeabi_                  - Undefined Weak Reference
    __cxa_finalize                            - Undefined Weak Reference
    _clock_init                               - Undefined Weak Reference
    _microlib_exit                            - Undefined Weak Reference
    __Vectors_Size                           0x00000130   Number         0  startup_stm32f10x_hd.o ABSOLUTE
    __Vectors                                0x08000000   Data           4  startup_stm32f10x_hd.o(RESET)
    __Vectors_End                            0x08000130   Data           0  startup_stm32f10x_hd.o(RESET)
    __main                                   0x08000131   Thumb Code     0  entry.o(.ARM.Collect$$$$00000000)
    _main_stk                                0x08000131   Thumb Code     0  entry2.o(.ARM.Collect$$$$00000001)
    _main_scatterload                        0x08000135   Thumb Code     0  entry5.o(.ARM.Collect$$$$00000004)
    __main_after_scatterload                 0x08000139   Thumb Code     0  entry5.o(.ARM.Collect$$$$00000004)
    _main_clock                              0x08000139   Thumb Code     0  entry7b.o(.ARM.Collect$$$$00000008)
    _main_cpp_init                           0x08000139   Thumb Code     0  entry8b.o(.ARM.Collect$$$$0000000A)
    _main_init                               0x08000139   Thumb Code     0  entry9a.o(.ARM.Collect$$$$0000000B)
    __rt_final_cpp                           0x08000141   Thumb Code     0  entry10a.o(.ARM.Collect$$$$0000000D)
    __rt_final_exit                          0x08000141   Thumb Code     0  entry11a.o(.ARM.Collect$$$$0000000F)
    Reset_Handler                            0x08000145   Thumb Code     8  startup_stm32f10x_hd.o(.text)
    ADC1_2_IRQHandler                        0x0800015f   Thumb Code     0  startup_stm32f10x_hd.o(.text)
    ADC3_IRQHandler                          0x0800015f   Thumb Code     0  startup_stm32f10x_hd.o(.text)
    CAN1_RX1_IRQHandler                      0x0800015f   Thumb Code     0  startup_stm32f10x_hd.o(.text)
    CAN1_SCE_IRQHandler                      0x0800015f   Thumb Code     0  startup_stm32f10x_hd.o(.text)
    DMA1_Channel1_IRQHandler                 0x0800015f   Thumb Code     0  startup_stm32f10x_hd.o(.text)
    DMA1_Channel2_IRQHandler                 0x0800015f   Thumb Code     0  startup_stm32f10x_hd.o(.text)
    DMA1_Channel3_IRQHandler                 0x0800015f   Thumb Code     0  startup_stm32f10x_hd.o(.text)
    DMA1_Channel4_IRQHandler                 0x0800015f   Thumb Code     0  startup_stm32f10x_hd.o(.text)
    DMA1_Channel5_IRQHandler                 0x0800015f   Thumb Code     0  startup_stm32f10x_hd.o(.text)
    DMA1_Channel6_IRQHandler                 0x0800015f   Thumb Code     0  startup_stm32f10x_hd.o(.text)
    DMA1_Channel7_IRQHandler                 0x0800015f   Thumb Code     0  startup_stm32f10x_hd.o(.text)
    DMA2_Channel1_IRQHandler                 0x0800015f   Thumb Code     0  startup_stm32f10x_hd.o(.text)
    DMA2_Channel2_IRQHandler                 0x0800015f   Thumb Code     0  startup_stm32f10x_hd.o(.text)
    DMA2_Channel3_IRQHandler                 0x0800015f   Thumb Code     0  startup_stm32f10x_hd.o(.text)
    DMA2_Channel4_5_IRQHandler               0x0800015f   Thumb Code     0  startup_stm32f10x_hd.o(.text)
    EXTI0_IRQHandler                         0x0800015f   Thumb Code     0  startup_stm32f10x_hd.o(.text)
    EXTI2_IRQHandler                         0x0800015f   Thumb Code     0  startup_stm32f10x_hd.o(.text)
    EXTI3_IRQHandler                         0x0800015f   Thumb Code     0  startup_stm32f10x_hd.o(.text)
    EXTI4_IRQHandler                         0x0800015f   Thumb Code     0  startup_stm32f10x_hd.o(.text)
    EXTI9_5_IRQHandler                       0x0800015f   Thumb Code     0  startup_stm32f10x_hd.o(.text)
    FLASH_IRQHandler                         0x0800015f   Thumb Code     0  startup_stm32f10x_hd.o(.text)
    FSMC_IRQHandler                          0x0800015f   Thumb Code     0  startup_stm32f10x_hd.o(.text)
    I2C1_ER_IRQHandler                       0x0800015f   Thumb Code     0  startup_stm32f10x_hd.o(.text)
    I2C1_EV_IRQHandler                       0x0800015f   Thumb Code     0  startup_stm32f10x_hd.o(.text)
    I2C2_ER_IRQHandler                       0x0800015f   Thumb Code     0  startup_stm32f10x_hd.o(.text)
    I2C2_EV_IRQHandler                       0x0800015f   Thumb Code     0  startup_stm32f10x_hd.o(.text)
    PVD_IRQHandler                           0x0800015f   Thumb Code     0  startup_stm32f10x_hd.o(.text)
    RCC_IRQHandler                           0x0800015f   Thumb Code     0  startup_stm32f10x_hd.o(.text)
    RTCAlarm_IRQHandler                      0x0800015f   Thumb Code     0  startup_stm32f10x_hd.o(.text)
    RTC_IRQHandler                           0x0800015f   Thumb Code     0  startup_stm32f10x_hd.o(.text)
    SDIO_IRQHandler                          0x0800015f   Thumb Code     0  startup_stm32f10x_hd.o(.text)
    SPI1_IRQHandler                          0x0800015f   Thumb Code     0  startup_stm32f10x_hd.o(.text)
    SPI2_IRQHandler                          0x0800015f   Thumb Code     0  startup_stm32f10x_hd.o(.text)
    SPI3_IRQHandler                          0x0800015f   Thumb Code     0  startup_stm32f10x_hd.o(.text)
    TAMPER_IRQHandler                        0x0800015f   Thumb Code     0  startup_stm32f10x_hd.o(.text)
    TIM1_BRK_IRQHandler                      0x0800015f   Thumb Code     0  startup_stm32f10x_hd.o(.text)
    TIM1_CC_IRQHandler                       0x0800015f   Thumb Code     0  startup_stm32f10x_hd.o(.text)
    TIM1_TRG_COM_IRQHandler                  0x0800015f   Thumb Code     0  startup_stm32f10x_hd.o(.text)
    TIM1_UP_IRQHandler                       0x0800015f   Thumb Code     0  startup_stm32f10x_hd.o(.text)
    TIM2_IRQHandler                          0x0800015f   Thumb Code     0  startup_stm32f10x_hd.o(.text)
    TIM3_IRQHandler                          0x0800015f   Thumb Code     0  startup_stm32f10x_hd.o(.text)
    TIM5_IRQHandler                          0x0800015f   Thumb Code     0  startup_stm32f10x_hd.o(.text)
    TIM6_IRQHandler                          0x0800015f   Thumb Code     0  startup_stm32f10x_hd.o(.text)
    TIM7_IRQHandler                          0x0800015f   Thumb Code     0  startup_stm32f10x_hd.o(.text)
    TIM8_BRK_IRQHandler                      0x0800015f   Thumb Code     0  startup_stm32f10x_hd.o(.text)
    TIM8_CC_IRQHandler                       0x0800015f   Thumb Code     0  startup_stm32f10x_hd.o(.text)
    TIM8_TRG_COM_IRQHandler                  0x0800015f   Thumb Code     0  startup_stm32f10x_hd.o(.text)
    TIM8_UP_IRQHandler                       0x0800015f   Thumb Code     0  startup_stm32f10x_hd.o(.text)
    UART4_IRQHandler                         0x0800015f   Thumb Code     0  startup_stm32f10x_hd.o(.text)
    UART5_IRQHandler                         0x0800015f   Thumb Code     0  startup_stm32f10x_hd.o(.text)
    USART3_IRQHandler                        0x0800015f   Thumb Code     0  startup_stm32f10x_hd.o(.text)
    USBWakeUp_IRQHandler                     0x0800015f   Thumb Code     0  startup_stm32f10x_hd.o(.text)
    USB_HP_CAN1_TX_IRQHandler                0x0800015f   Thumb Code     0  startup_stm32f10x_hd.o(.text)
    USB_LP_CAN1_RX0_IRQHandler               0x0800015f   Thumb Code     0  startup_stm32f10x_hd.o(.text)
    WWDG_IRQHandler                          0x0800015f   Thumb Code     0  startup_stm32f10x_hd.o(.text)
    __aeabi_uldivmod                         0x08000169   Thumb Code    98  uldiv.o(.text)
    __scatterload                            0x080001cd   Thumb Code    28  init.o(.text)
    __scatterload_rt2                        0x080001cd   Thumb Code     0  init.o(.text)
    __aeabi_llsl                             0x080001f1   Thumb Code    30  llshl.o(.text)
    _ll_shift_l                              0x080001f1   Thumb Code     0  llshl.o(.text)
    __aeabi_llsr                             0x0800020f   Thumb Code    32  llushr.o(.text)
    _ll_ushift_r                             0x0800020f   Thumb Code     0  llushr.o(.text)
    __decompress                             0x0800022f   Thumb Code     0  __dczerorl2.o(.text)
    __decompress1                            0x0800022f   Thumb Code    86  __dczerorl2.o(.text)
    BusFault_Handler                         0x08000285   Thumb Code     4  stm32f10x_it.o(i.BusFault_Handler)
    DebugMon_Handler                         0x08000289   Thumb Code     2  stm32f10x_it.o(i.DebugMon_Handler)
    EXTI15_10_IRQHandler                     0x0800028d   Thumb Code   110  exti.o(i.EXTI15_10_IRQHandler)
    EXTI1_IRQHandler                         0x0800030d   Thumb Code    48  exti.o(i.EXTI1_IRQHandler)
    EXTI_ClearITPendingBit                   0x08000349   Thumb Code     6  stm32f10x_exti.o(i.EXTI_ClearITPendingBit)
    GPIO_Init                                0x08000355   Thumb Code   278  stm32f10x_gpio.o(i.GPIO_Init)
    GPIO_ReadInputDataBit                    0x0800046b   Thumb Code    18  stm32f10x_gpio.o(i.GPIO_ReadInputDataBit)
    GPIO_ResetBits                           0x0800047d   Thumb Code     4  stm32f10x_gpio.o(i.GPIO_ResetBits)
    GPIO_SetBits                             0x08000481   Thumb Code     4  stm32f10x_gpio.o(i.GPIO_SetBits)
    HardFault_Handler                        0x08000485   Thumb Code     4  stm32f10x_it.o(i.HardFault_Handler)
    IIC_Init                                 0x08000489   Thumb Code    50  myiic.o(i.IIC_Init)
    IIC_Send_Byte                            0x080004c1   Thumb Code    90  myiic.o(i.IIC_Send_Byte)
    IIC_Start                                0x08000529   Thumb Code    64  myiic.o(i.IIC_Start)
    IIC_Stop                                 0x08000575   Thumb Code    62  myiic.o(i.IIC_Stop)
    IIC_Wait_Ack                             0x080005c1   Thumb Code    86  myiic.o(i.IIC_Wait_Ack)
    LED_Init                                 0x08000625   Thumb Code    50  led.o(i.LED_Init)
    MemManage_Handler                        0x0800065d   Thumb Code     4  stm32f10x_it.o(i.MemManage_Handler)
    NMI_Handler                              0x08000661   Thumb Code     2  stm32f10x_it.o(i.NMI_Handler)
    NVIC_Init                                0x08000665   Thumb Code   100  misc.o(i.NVIC_Init)
    OLED_Clear                               0x080006d5   Thumb Code    56  oled.o(i.OLED_Clear)
    OLED_Init                                0x0800070d   Thumb Code   220  oled.o(i.OLED_Init)
    OLED_SetPos                              0x080007e9   Thumb Code    36  oled.o(i.OLED_SetPos)
    OLED_ShowChar                            0x0800080d   Thumb Code   148  oled.o(i.OLED_ShowChar)
    OLED_ShowNum                             0x080008a9   Thumb Code   208  oled.o(i.OLED_ShowNum)
    OLED_ShowString                          0x08000981   Thumb Code    58  oled.o(i.OLED_ShowString)
    OLED_WR_Byte                             0x080009bb   Thumb Code    28  oled.o(i.OLED_WR_Byte)
    OLED_Write                               0x080009d7   Thumb Code    46  oled.o(i.OLED_Write)
    OpenMV_IO_Init                           0x08000a05   Thumb Code    46  openmv.o(i.OpenMV_IO_Init)
    OpenMV_IO_Scan                           0x08000a3d   Thumb Code    66  openmv.o(i.OpenMV_IO_Scan)
    PendSV_Handler                           0x08000a89   Thumb Code     2  stm32f10x_it.o(i.PendSV_Handler)
    RCC_APB1PeriphClockCmd                   0x08000a8d   Thumb Code    26  stm32f10x_rcc.o(i.RCC_APB1PeriphClockCmd)
    RCC_APB2PeriphClockCmd                   0x08000aad   Thumb Code    26  stm32f10x_rcc.o(i.RCC_APB2PeriphClockCmd)
    RCC_GetClocksFreq                        0x08000acd   Thumb Code   192  stm32f10x_rcc.o(i.RCC_GetClocksFreq)
    SSD1106_WriteCmd                         0x08000ba1   Thumb Code    44  oled.o(i.SSD1106_WriteCmd)
    SSD1106_WriteData                        0x08000bcd   Thumb Code    44  oled.o(i.SSD1106_WriteData)
    SVC_Handler                              0x08000bf9   Thumb Code     2  stm32f10x_it.o(i.SVC_Handler)
    SysTick_CLKSourceConfig                  0x08000ce5   Thumb Code    40  misc.o(i.SysTick_CLKSourceConfig)
    SysTick_Handler                          0x08000d0d   Thumb Code     2  stm32f10x_it.o(i.SysTick_Handler)
    SystemInit                               0x08000d11   Thumb Code    78  system_stm32f10x.o(i.SystemInit)
    TIM4_IRQHandler                          0x08000d71   Thumb Code    46  usmart.o(i.TIM4_IRQHandler)
    TIM_ClearFlag                            0x08000da9   Thumb Code     6  stm32f10x_tim.o(i.TIM_ClearFlag)
    TIM_ClearITPendingBit                    0x08000daf   Thumb Code     6  stm32f10x_tim.o(i.TIM_ClearITPendingBit)
    TIM_Cmd                                  0x08000db5   Thumb Code    24  stm32f10x_tim.o(i.TIM_Cmd)
    TIM_GetCounter                           0x08000dcd   Thumb Code     6  stm32f10x_tim.o(i.TIM_GetCounter)
    TIM_GetFlagStatus                        0x08000dd3   Thumb Code    18  stm32f10x_tim.o(i.TIM_GetFlagStatus)
    TIM_GetITStatus                          0x08000de5   Thumb Code    34  stm32f10x_tim.o(i.TIM_GetITStatus)
    TIM_ITConfig                             0x08000e07   Thumb Code    18  stm32f10x_tim.o(i.TIM_ITConfig)
    TIM_OC1Init                              0x08000e19   Thumb Code   132  stm32f10x_tim.o(i.TIM_OC1Init)
    TIM_OC1PreloadConfig                     0x08000eb1   Thumb Code    18  stm32f10x_tim.o(i.TIM_OC1PreloadConfig)
    TIM_OC4Init                              0x08000ec5   Thumb Code   114  stm32f10x_tim.o(i.TIM_OC4Init)
    TIM_OC4PreloadConfig                     0x08000f41   Thumb Code    26  stm32f10x_tim.o(i.TIM_OC4PreloadConfig)
    TIM_SetAutoreload                        0x08000f5b   Thumb Code     4  stm32f10x_tim.o(i.TIM_SetAutoreload)
    TIM_SetCompare1                          0x08000f5f   Thumb Code     4  stm32f10x_tim.o(i.TIM_SetCompare1)
    TIM_SetCompare4                          0x08000f63   Thumb Code     6  stm32f10x_tim.o(i.TIM_SetCompare4)
    TIM_SetCounter                           0x08000f69   Thumb Code     4  stm32f10x_tim.o(i.TIM_SetCounter)
    TIM_TimeBaseInit                         0x08000f6d   Thumb Code   122  stm32f10x_tim.o(i.TIM_TimeBaseInit)
    Timer4_Init                              0x08001011   Thumb Code    88  usmart.o(i.Timer4_Init)
    USART1_IRQHandler                        0x0800106d   Thumb Code   100  usart.o(i.USART1_IRQHandler)
    USART2_IRQHandler                        0x080010e1   Thumb Code   132  usart.o(i.USART2_IRQHandler)
    USART_Cmd                                0x08001175   Thumb Code    24  stm32f10x_usart.o(i.USART_Cmd)
    USART_GetITStatus                        0x0800118d   Thumb Code    84  stm32f10x_usart.o(i.USART_GetITStatus)
    USART_ITConfig                           0x080011e1   Thumb Code    74  stm32f10x_usart.o(i.USART_ITConfig)
    USART_Init                               0x0800122d   Thumb Code   210  stm32f10x_usart.o(i.USART_Init)
    USART_ReceiveData                        0x08001305   Thumb Code    10  stm32f10x_usart.o(i.USART_ReceiveData)
    UsageFault_Handler                       0x0800130f   Thumb Code     4  stm32f10x_it.o(i.UsageFault_Handler)
    __0printf$8                              0x08001315   Thumb Code    22  printf8.o(i.__0printf$8)
    __1printf$8                              0x08001315   Thumb Code     0  printf8.o(i.__0printf$8)
    __2printf                                0x08001315   Thumb Code     0  printf8.o(i.__0printf$8)
    __scatterload_copy                       0x08001335   Thumb Code    14  handlers.o(i.__scatterload_copy)
    __scatterload_null                       0x08001343   Thumb Code     2  handlers.o(i.__scatterload_null)
    __scatterload_zeroinit                   0x08001345   Thumb Code    14  handlers.o(i.__scatterload_zeroinit)
    back_line                                0x080017b9   Thumb Code   114  main.o(i.back_line)
    car_run                                  0x08001835   Thumb Code   562  driver.o(i.car_run)
    delay_init                               0x08001a75   Thumb Code    50  delay.o(i.delay_init)
    delay_ms                                 0x08001ab9   Thumb Code    72  delay.o(i.delay_ms)
    delay_us                                 0x08001b05   Thumb Code    72  delay.o(i.delay_us)
    display_initial                          0x08001b51   Thumb Code    48  main.o(i.display_initial)
    driver_Init                              0x08001b91   Thumb Code    50  driver.o(i.driver_Init)
    driver_test                              0x08001bc9   Thumb Code   114  driver.o(i.driver_test)
    find_goal                                0x08001c3d   Thumb Code    82  main.o(i.find_goal)
    find_shi                                 0x08001c95   Thumb Code    68  main.o(i.find_shi)
    fputc                                    0x08001cd9   Thumb Code    24  usart.o(i.fputc)
    led_output                               0x08001cf5   Thumb Code   186  led.o(i.led_output)
    main                                     0x08001db9   Thumb Code   490  main.o(i.main)
    mode_change                              0x08001fb9   Thumb Code  2620  main.o(i.mode_change)
    pwm_init                                 0x08002a01   Thumb Code   170  pwm.o(i.pwm_init)
    read_addr                                0x08002ab9   Thumb Code     6  usmart.o(i.read_addr)
    run_line                                 0x08002ac1   Thumb Code   266  main.o(i.run_line)
    system_initial                           0x08002bd5   Thumb Code    52  main.o(i.system_initial)
    turn_180                                 0x08002c0d   Thumb Code   142  main.o(i.turn_180)
    turn_90                                  0x08002ca5   Thumb Code   150  main.o(i.turn_90)
    uart2_init                               0x08002d45   Thumb Code   156  usart.o(i.uart2_init)
    usmart_cmd_rec                           0x08002de9   Thumb Code   170  usmart.o(i.usmart_cmd_rec)
    usmart_exe                               0x08002e99   Thumb Code   632  usmart.o(i.usmart_exe)
    usmart_get_aparm                         0x0800316d   Thumb Code   200  usmart_str.o(i.usmart_get_aparm)
    usmart_get_cmdname                       0x08003235   Thumb Code    54  usmart_str.o(i.usmart_get_cmdname)
    usmart_get_fname                         0x0800326d   Thumb Code   440  usmart_str.o(i.usmart_get_fname)
    usmart_get_fparam                        0x0800342d   Thumb Code   262  usmart_str.o(i.usmart_get_fparam)
    usmart_get_parmpos                       0x08003539   Thumb Code    26  usmart_str.o(i.usmart_get_parmpos)
    usmart_get_runtime                       0x08003559   Thumb Code    60  usmart.o(i.usmart_get_runtime)
    usmart_init                              0x0800359d   Thumb Code    36  usmart.o(i.usmart_init)
    usmart_pow                               0x080035c5   Thumb Code    22  usmart_str.o(i.usmart_pow)
    usmart_reset_runtime                     0x080035dd   Thumb Code    38  usmart.o(i.usmart_reset_runtime)
    usmart_scan                              0x0800360d   Thumb Code   120  usmart.o(i.usmart_scan)
    usmart_search_nextc                      0x080036c9   Thumb Code    22  usmart_str.o(i.usmart_search_nextc)
    usmart_str2num                           0x080036df   Thumb Code   202  usmart_str.o(i.usmart_str2num)
    usmart_strcmp                            0x080037a9   Thumb Code    34  usmart_str.o(i.usmart_strcmp)
    usmart_strcopy                           0x080037cb   Thumb Code    22  usmart_str.o(i.usmart_strcopy)
    usmart_strlen                            0x080037e1   Thumb Code    24  usmart_str.o(i.usmart_strlen)
    usmart_sys_cmd_exe                       0x080037f9   Thumb Code  1554  usmart.o(i.usmart_sys_cmd_exe)
    write_addr                               0x08003edd   Thumb Code     4  usmart.o(i.write_addr)
    Region$$Table$$Base                      0x08003f8c   Number         0  anon$$obj.o(Region$$Table)
    Region$$Table$$Limit                     0x08003fac   Number         0  anon$$obj.o(Region$$Table)
    time                                     0x20000000   Data           4  main.o(.data)
    time0                                    0x20000004   Data           4  main.o(.data)
    work                                     0x20000008   Data           1  main.o(.data)
    mode                                     0x2000000a   Data           2  main.o(.data)
    test_mode                                0x2000000c   Data           1  main.o(.data)
    current_loc                              0x2000000d   Data           1  main.o(.data)
    aim                                      0x2000000e   Data           1  main.o(.data)
    pitch                                    0x20000010   Data           2  main.o(.data)
    yaw                                      0x20000012   Data           2  main.o(.data)
    roll                                     0x20000014   Data           2  main.o(.data)
    SystemCoreClock                          0x2000002c   Data           4  system_stm32f10x.o(.data)
    AHBPrescTable                            0x20000030   Data          16  system_stm32f10x.o(.data)
    F6X8                                     0x20000040   Data         552  oled.o(.data)
    F8X16                                    0x20000268   Data        1520  oled.o(.data)
    Hzk                                      0x20000858   Data         320  oled.o(.data)
    BMP                                      0x20000998   Data        1024  oled.o(.data)
    __stdout                                 0x20000d9c   Data           4  usart.o(.data)
    USART_RX_STA                             0x20000da0   Data           2  usart.o(.data)
    sys_cmd_tab                              0x20000da4   Data          28  usmart.o(.data)
    usmart_nametab                           0x20000dc0   Data          40  usmart_config.o(.data)
    usmart_dev                               0x20000de8   Data         244  usmart_config.o(.data)
    USART_RX_BUF                             0x20000edc   Data         200  usart.o(.bss)
    __initial_sp                             0x200013a8   Data           0  startup_stm32f10x_hd.o(STACK)



==============================================================================

Memory Map of the image

  Image Entry point : 0x08000131

  Load Region LR_IROM1 (Base: 0x08000000, Size: 0x00004e88, Max: 0x00010000, ABSOLUTE, COMPRESSED[0x000047ec])

    Execution Region ER_IROM1 (Base: 0x08000000, Size: 0x00003fac, Max: 0x00010000, ABSOLUTE)

    Base Addr    Size         Type   Attr      Idx    E Section Name        Object

    0x08000000   0x00000130   Data   RO         3256    RESET               startup_stm32f10x_hd.o
    0x08000130   0x00000000   Code   RO         3797  * .ARM.Collect$$$$00000000  mc_w.l(entry.o)
    0x08000130   0x00000004   Code   RO         4061    .ARM.Collect$$$$00000001  mc_w.l(entry2.o)
    0x08000134   0x00000004   Code   RO         4064    .ARM.Collect$$$$00000004  mc_w.l(entry5.o)
    0x08000138   0x00000000   Code   RO         4066    .ARM.Collect$$$$00000008  mc_w.l(entry7b.o)
    0x08000138   0x00000000   Code   RO         4068    .ARM.Collect$$$$0000000A  mc_w.l(entry8b.o)
    0x08000138   0x00000008   Code   RO         4069    .ARM.Collect$$$$0000000B  mc_w.l(entry9a.o)
    0x08000140   0x00000000   Code   RO         4071    .ARM.Collect$$$$0000000D  mc_w.l(entry10a.o)
    0x08000140   0x00000000   Code   RO         4073    .ARM.Collect$$$$0000000F  mc_w.l(entry11a.o)
    0x08000140   0x00000004   Code   RO         4062    .ARM.Collect$$$$00002712  mc_w.l(entry2.o)
    0x08000144   0x00000024   Code   RO         3257    .text               startup_stm32f10x_hd.o
    0x08000168   0x00000062   Code   RO         4077    .text               mc_w.l(uldiv.o)
    0x080001ca   0x00000002   PAD
    0x080001cc   0x00000024   Code   RO         4090    .text               mc_w.l(init.o)
    0x080001f0   0x0000001e   Code   RO         4092    .text               mc_w.l(llshl.o)
    0x0800020e   0x00000020   Code   RO         4094    .text               mc_w.l(llushr.o)
    0x0800022e   0x00000056   Code   RO         4108    .text               mc_w.l(__dczerorl2.o)
    0x08000284   0x00000004   Code   RO          164    i.BusFault_Handler  stm32f10x_it.o
    0x08000288   0x00000002   Code   RO          165    i.DebugMon_Handler  stm32f10x_it.o
    0x0800028a   0x00000002   PAD
    0x0800028c   0x00000080   Code   RO         3445    i.EXTI15_10_IRQHandler  exti.o
    0x0800030c   0x0000003c   Code   RO         3446    i.EXTI1_IRQHandler  exti.o
    0x08000348   0x0000000c   Code   RO         1510    i.EXTI_ClearITPendingBit  stm32f10x_exti.o
    0x08000354   0x00000116   Code   RO          446    i.GPIO_Init         stm32f10x_gpio.o
    0x0800046a   0x00000012   Code   RO          450    i.GPIO_ReadInputDataBit  stm32f10x_gpio.o
    0x0800047c   0x00000004   Code   RO          453    i.GPIO_ResetBits    stm32f10x_gpio.o
    0x08000480   0x00000004   Code   RO          454    i.GPIO_SetBits      stm32f10x_gpio.o
    0x08000484   0x00000004   Code   RO          166    i.HardFault_Handler  stm32f10x_it.o
    0x08000488   0x00000038   Code   RO         3280    i.IIC_Init          myiic.o
    0x080004c0   0x00000068   Code   RO         3283    i.IIC_Send_Byte     myiic.o
    0x08000528   0x0000004c   Code   RO         3284    i.IIC_Start         myiic.o
    0x08000574   0x0000004c   Code   RO         3285    i.IIC_Stop          myiic.o
    0x080005c0   0x00000064   Code   RO         3286    i.IIC_Wait_Ack      myiic.o
    0x08000624   0x00000038   Code   RO         3261    i.LED_Init          led.o
    0x0800065c   0x00000004   Code   RO          167    i.MemManage_Handler  stm32f10x_it.o
    0x08000660   0x00000002   Code   RO          168    i.NMI_Handler       stm32f10x_it.o
    0x08000662   0x00000002   PAD
    0x08000664   0x00000070   Code   RO          227    i.NVIC_Init         misc.o
    0x080006d4   0x00000038   Code   RO         3333    i.OLED_Clear        oled.o
    0x0800070c   0x000000dc   Code   RO         3337    i.OLED_Init         oled.o
    0x080007e8   0x00000024   Code   RO         3338    i.OLED_SetPos       oled.o
    0x0800080c   0x0000009c   Code   RO         3340    i.OLED_ShowChar     oled.o
    0x080008a8   0x000000d8   Code   RO         3341    i.OLED_ShowNum      oled.o
    0x08000980   0x0000003a   Code   RO         3342    i.OLED_ShowString   oled.o
    0x080009ba   0x0000001c   Code   RO         3343    i.OLED_WR_Byte      oled.o
    0x080009d6   0x0000002e   Code   RO         3344    i.OLED_Write        oled.o
    0x08000a04   0x00000038   Code   RO         3532    i.OpenMV_IO_Init    openmv.o
    0x08000a3c   0x0000004c   Code   RO         3533    i.OpenMV_IO_Scan    openmv.o
    0x08000a88   0x00000002   Code   RO          169    i.PendSV_Handler    stm32f10x_it.o
    0x08000a8a   0x00000002   PAD
    0x08000a8c   0x00000020   Code   RO          556    i.RCC_APB1PeriphClockCmd  stm32f10x_rcc.o
    0x08000aac   0x00000020   Code   RO          558    i.RCC_APB2PeriphClockCmd  stm32f10x_rcc.o
    0x08000acc   0x000000d4   Code   RO          566    i.RCC_GetClocksFreq  stm32f10x_rcc.o
    0x08000ba0   0x0000002c   Code   RO         3345    i.SSD1106_WriteCmd  oled.o
    0x08000bcc   0x0000002c   Code   RO         3346    i.SSD1106_WriteData  oled.o
    0x08000bf8   0x00000002   Code   RO          170    i.SVC_Handler       stm32f10x_it.o
    0x08000bfa   0x00000008   Code   RO         3220    i.SetSysClock       system_stm32f10x.o
    0x08000c02   0x00000002   PAD
    0x08000c04   0x000000e0   Code   RO         3221    i.SetSysClockTo72   system_stm32f10x.o
    0x08000ce4   0x00000028   Code   RO          231    i.SysTick_CLKSourceConfig  misc.o
    0x08000d0c   0x00000002   Code   RO          171    i.SysTick_Handler   stm32f10x_it.o
    0x08000d0e   0x00000002   PAD
    0x08000d10   0x00000060   Code   RO         3223    i.SystemInit        system_stm32f10x.o
    0x08000d70   0x00000038   Code   RO         3636    i.TIM4_IRQHandler   usmart.o
    0x08000da8   0x00000006   Code   RO         2434    i.TIM_ClearFlag     stm32f10x_tim.o
    0x08000dae   0x00000006   Code   RO         2435    i.TIM_ClearITPendingBit  stm32f10x_tim.o
    0x08000db4   0x00000018   Code   RO         2440    i.TIM_Cmd           stm32f10x_tim.o
    0x08000dcc   0x00000006   Code   RO         2459    i.TIM_GetCounter    stm32f10x_tim.o
    0x08000dd2   0x00000012   Code   RO         2460    i.TIM_GetFlagStatus  stm32f10x_tim.o
    0x08000de4   0x00000022   Code   RO         2461    i.TIM_GetITStatus   stm32f10x_tim.o
    0x08000e06   0x00000012   Code   RO         2465    i.TIM_ITConfig      stm32f10x_tim.o
    0x08000e18   0x00000098   Code   RO         2469    i.TIM_OC1Init       stm32f10x_tim.o
    0x08000eb0   0x00000012   Code   RO         2472    i.TIM_OC1PreloadConfig  stm32f10x_tim.o
    0x08000ec2   0x00000002   PAD
    0x08000ec4   0x0000007c   Code   RO         2484    i.TIM_OC4Init       stm32f10x_tim.o
    0x08000f40   0x0000001a   Code   RO         2486    i.TIM_OC4PreloadConfig  stm32f10x_tim.o
    0x08000f5a   0x00000004   Code   RO         2499    i.TIM_SetAutoreload  stm32f10x_tim.o
    0x08000f5e   0x00000004   Code   RO         2501    i.TIM_SetCompare1   stm32f10x_tim.o
    0x08000f62   0x00000006   Code   RO         2504    i.TIM_SetCompare4   stm32f10x_tim.o
    0x08000f68   0x00000004   Code   RO         2505    i.TIM_SetCounter    stm32f10x_tim.o
    0x08000f6c   0x000000a4   Code   RO         2511    i.TIM_TimeBaseInit  stm32f10x_tim.o
    0x08001010   0x0000005c   Code   RO         3637    i.Timer4_Init       usmart.o
    0x0800106c   0x00000074   Code   RO         3582    i.USART1_IRQHandler  usart.o
    0x080010e0   0x00000094   Code   RO         3583    i.USART2_IRQHandler  usart.o
    0x08001174   0x00000018   Code   RO         2976    i.USART_Cmd         stm32f10x_usart.o
    0x0800118c   0x00000054   Code   RO         2980    i.USART_GetITStatus  stm32f10x_usart.o
    0x080011e0   0x0000004a   Code   RO         2982    i.USART_ITConfig    stm32f10x_usart.o
    0x0800122a   0x00000002   PAD
    0x0800122c   0x000000d8   Code   RO         2983    i.USART_Init        stm32f10x_usart.o
    0x08001304   0x0000000a   Code   RO         2990    i.USART_ReceiveData  stm32f10x_usart.o
    0x0800130e   0x00000004   Code   RO          172    i.UsageFault_Handler  stm32f10x_it.o
    0x08001312   0x00000002   PAD
    0x08001314   0x00000020   Code   RO         4007    i.__0printf$8       mc_w.l(printf8.o)
    0x08001334   0x0000000e   Code   RO         4102    i.__scatterload_copy  mc_w.l(handlers.o)
    0x08001342   0x00000002   Code   RO         4103    i.__scatterload_null  mc_w.l(handlers.o)
    0x08001344   0x0000000e   Code   RO         4104    i.__scatterload_zeroinit  mc_w.l(handlers.o)
    0x08001352   0x00000002   PAD
    0x08001354   0x00000410   Code   RO         4014    i._printf_core      mc_w.l(printf8.o)
    0x08001764   0x00000024   Code   RO         4015    i._printf_post_padding  mc_w.l(printf8.o)
    0x08001788   0x0000002e   Code   RO         4016    i._printf_pre_padding  mc_w.l(printf8.o)
    0x080017b6   0x00000002   PAD
    0x080017b8   0x0000007c   Code   RO            1    i.back_line         main.o
    0x08001834   0x00000240   Code   RO         3508    i.car_run           driver.o
    0x08001a74   0x00000044   Code   RO         3556    i.delay_init        delay.o
    0x08001ab8   0x0000004c   Code   RO         3557    i.delay_ms          delay.o
    0x08001b04   0x0000004c   Code   RO         3558    i.delay_us          delay.o
    0x08001b50   0x00000040   Code   RO            2    i.display_initial   main.o
    0x08001b90   0x00000038   Code   RO         3509    i.driver_Init       driver.o
    0x08001bc8   0x00000072   Code   RO         3510    i.driver_test       driver.o
    0x08001c3a   0x00000002   PAD
    0x08001c3c   0x00000058   Code   RO            3    i.find_goal         main.o
    0x08001c94   0x00000044   Code   RO            4    i.find_shi          main.o
    0x08001cd8   0x0000001c   Code   RO         3585    i.fputc             usart.o
    0x08001cf4   0x000000c4   Code   RO         3262    i.led_output        led.o
    0x08001db8   0x00000200   Code   RO            5    i.main              main.o
    0x08001fb8   0x00000a48   Code   RO            6    i.mode_change       main.o
    0x08002a00   0x000000b8   Code   RO         3472    i.pwm_init          pwm.o
    0x08002ab8   0x00000006   Code   RO         3638    i.read_addr         usmart.o
    0x08002abe   0x00000002   PAD
    0x08002ac0   0x00000114   Code   RO            7    i.run_line          main.o
    0x08002bd4   0x00000038   Code   RO            9    i.system_initial    main.o
    0x08002c0c   0x00000098   Code   RO           10    i.turn_180          main.o
    0x08002ca4   0x000000a0   Code   RO           11    i.turn_90           main.o
    0x08002d44   0x000000a4   Code   RO         3586    i.uart2_init        usart.o
    0x08002de8   0x000000b0   Code   RO         3639    i.usmart_cmd_rec    usmart.o
    0x08002e98   0x000002d4   Code   RO         3640    i.usmart_exe        usmart.o
    0x0800316c   0x000000c8   Code   RO         3725    i.usmart_get_aparm  usmart_str.o
    0x08003234   0x00000036   Code   RO         3726    i.usmart_get_cmdname  usmart_str.o
    0x0800326a   0x00000002   PAD
    0x0800326c   0x000001c0   Code   RO         3727    i.usmart_get_fname  usmart_str.o
    0x0800342c   0x0000010c   Code   RO         3728    i.usmart_get_fparam  usmart_str.o
    0x08003538   0x00000020   Code   RO         3729    i.usmart_get_parmpos  usmart_str.o
    0x08003558   0x00000044   Code   RO         3641    i.usmart_get_runtime  usmart.o
    0x0800359c   0x00000028   Code   RO         3642    i.usmart_init       usmart.o
    0x080035c4   0x00000016   Code   RO         3730    i.usmart_pow        usmart_str.o
    0x080035da   0x00000002   PAD
    0x080035dc   0x00000030   Code   RO         3643    i.usmart_reset_runtime  usmart.o
    0x0800360c   0x000000bc   Code   RO         3644    i.usmart_scan       usmart.o
    0x080036c8   0x00000016   Code   RO         3731    i.usmart_search_nextc  usmart_str.o
    0x080036de   0x000000ca   Code   RO         3732    i.usmart_str2num    usmart_str.o
    0x080037a8   0x00000022   Code   RO         3733    i.usmart_strcmp     usmart_str.o
    0x080037ca   0x00000016   Code   RO         3734    i.usmart_strcopy    usmart_str.o
    0x080037e0   0x00000018   Code   RO         3735    i.usmart_strlen     usmart_str.o
    0x080037f8   0x000006e4   Code   RO         3645    i.usmart_sys_cmd_exe  usmart.o
    0x08003edc   0x00000004   Code   RO         3646    i.write_addr        usmart.o
    0x08003ee0   0x00000028   Data   RO         3647    .conststring        usmart.o
    0x08003f08   0x00000083   Data   RO         3712    .conststring        usmart_config.o
    0x08003f8b   0x00000001   PAD
    0x08003f8c   0x00000020   Data   RO         4100    Region$$Table       anon$$obj.o


    Execution Region RW_IRAM1 (Base: 0x20000000, Size: 0x000013a8, Max: 0x00005000, ABSOLUTE, COMPRESSED[0x00000840])

    Base Addr    Size         Type   Attr      Idx    E Section Name        Object

    0x20000000   0x00000016   Data   RW           12    .data               main.o
    0x20000016   0x00000014   Data   RW          586    .data               stm32f10x_rcc.o
    0x2000002a   0x00000002   PAD
    0x2000002c   0x00000014   Data   RW         3224    .data               system_stm32f10x.o
    0x20000040   0x00000d58   Data   RW         3347    .data               oled.o
    0x20000d98   0x00000004   Data   RW         3559    .data               delay.o
    0x20000d9c   0x00000006   Data   RW         3589    .data               usart.o
    0x20000da2   0x00000002   PAD
    0x20000da4   0x0000001c   Data   RW         3648    .data               usmart.o
    0x20000dc0   0x0000011c   Data   RW         3713    .data               usmart_config.o
    0x20000edc   0x000000c8   Zero   RW         3588    .bss                usart.o
    0x20000fa4   0x00000004   PAD
    0x20000fa8   0x00000400   Zero   RW         3254    STACK               startup_stm32f10x_hd.o


==============================================================================

Image component sizes


      Code (inc. data)   RO Data    RW Data    ZI Data      Debug   Object Name

         0          0          0          0          0         32   core_cm3.o
       220         26          0          4          0       1647   delay.o
       746         26          0          0          0       1734   driver.o
       188         30          0          0          0        978   exti.o
       252         16          0          0          0       1036   led.o
      4132        158          0         22          0     257911   main.o
       152         12          0          0          0       1650   misc.o
       412         60          0          0          0       2553   myiic.o
       904         22          0       3416          0       6648   oled.o
       132         20          0          0          0       1046   openmv.o
       184         14          0          0          0        643   pwm.o
        36          8        304          0       1024        884   startup_stm32f10x_hd.o
        12          6          0          0          0        553   stm32f10x_exti.o
       304          0          0          0          0       3800   stm32f10x_gpio.o
        26          0          0          0          0       3746   stm32f10x_it.o
       276         32          0         20          0       4570   stm32f10x_rcc.o
       614         72          0          0          0      10454   stm32f10x_tim.o
       408          6          0          0          0       5146   stm32f10x_usart.o
       328         28          0         20          0       2133   system_stm32f10x.o
       456         44          0          6        200       4222   usart.o
      3166       1330         40         28          0       7418   usmart.o
         0          0        131        284          0       1572   usmart_config.o
      1328         20          0          0          0       8133   usmart_str.o

    ----------------------------------------------------------------------
     14300       1930        508       3804       1228     328509   Object Totals
         0          0         32          0          0          0   (incl. Generated)
        24          0          1          4          4          0   (incl. Padding)

    ----------------------------------------------------------------------

      Code (inc. data)   RO Data    RW Data    ZI Data      Debug   Library Member Name

        86          0          0          0          0          0   __dczerorl2.o
         0          0          0          0          0          0   entry.o
         0          0          0          0          0          0   entry10a.o
         0          0          0          0          0          0   entry11a.o
         8          4          0          0          0          0   entry2.o
         4          0          0          0          0          0   entry5.o
         0          0          0          0          0          0   entry7b.o
         0          0          0          0          0          0   entry8b.o
         8          4          0          0          0          0   entry9a.o
        30          0          0          0          0          0   handlers.o
        36          8          0          0          0         68   init.o
        30          0          0          0          0         68   llshl.o
        32          0          0          0          0         68   llushr.o
      1154         54          0          0          0        352   printf8.o
        98          0          0          0          0         92   uldiv.o

    ----------------------------------------------------------------------
      1492         70          0          0          0        648   Library Totals
         6          0          0          0          0          0   (incl. Padding)

    ----------------------------------------------------------------------

      Code (inc. data)   RO Data    RW Data    ZI Data      Debug   Library Name

      1486         70          0          0          0        648   mc_w.l

    ----------------------------------------------------------------------
      1492         70          0          0          0        648   Library Totals

    ----------------------------------------------------------------------

==============================================================================


      Code (inc. data)   RO Data    RW Data    ZI Data      Debug   

     15792       2000        508       3804       1228     323721   Grand Totals
     15792       2000        508       2112       1228     323721   ELF Image Totals (compressed)
     15792       2000        508       2112          0          0   ROM Totals

==============================================================================

    Total RO  Size (Code + RO Data)                16300 (  15.92kB)
    Total RW  Size (RW Data + ZI Data)              5032 (   4.91kB)
    Total ROM Size (Code + RO Data + RW Data)      18412 (  17.98kB)

==============================================================================

